Component: ARM Compiler 5.06 update 7 (build 960) Tool: armlink [4d3601]

==============================================================================

Section Cross References

    startup_stm32g491xx.o(STACK) refers (Special) to heapauxi.o(.text) for __use_two_region_memory
    startup_stm32g491xx.o(HEAP) refers (Special) to heapauxi.o(.text) for __use_two_region_memory
    startup_stm32g491xx.o(RESET) refers (Special) to heapauxi.o(.text) for __use_two_region_memory
    startup_stm32g491xx.o(RESET) refers to startup_stm32g491xx.o(STACK) for __initial_sp
    startup_stm32g491xx.o(RESET) refers to startup_stm32g491xx.o(.text) for Reset_Handler
    startup_stm32g491xx.o(RESET) refers to stm32g4xx_it.o(i.NMI_Handler) for NMI_Handler
    startup_stm32g491xx.o(RESET) refers to stm32g4xx_it.o(i.HardFault_Handler) for HardFault_Handler
    startup_stm32g491xx.o(RESET) refers to stm32g4xx_it.o(i.MemManage_Handler) for MemManage_Handler
    startup_stm32g491xx.o(RESET) refers to stm32g4xx_it.o(i.BusFault_Handler) for BusFault_Handler
    startup_stm32g491xx.o(RESET) refers to stm32g4xx_it.o(i.UsageFault_Handler) for UsageFault_Handler
    startup_stm32g491xx.o(RESET) refers to stm32g4xx_it.o(i.SVC_Handler) for SVC_Handler
    startup_stm32g491xx.o(RESET) refers to stm32g4xx_it.o(i.DebugMon_Handler) for DebugMon_Handler
    startup_stm32g491xx.o(RESET) refers to stm32g4xx_it.o(i.PendSV_Handler) for PendSV_Handler
    startup_stm32g491xx.o(RESET) refers to stm32g4xx_it.o(i.SysTick_Handler) for SysTick_Handler
    startup_stm32g491xx.o(RESET) refers to stm32g4xx_it.o(i.ADC1_2_IRQHandler) for ADC1_2_IRQHandler
    startup_stm32g491xx.o(RESET) refers to stm32g4xx_it.o(i.TIM1_UP_TIM16_IRQHandler) for TIM1_UP_TIM16_IRQHandler
    startup_stm32g491xx.o(RESET) refers to stm32g4xx_it.o(i.USART1_IRQHandler) for USART1_IRQHandler
    startup_stm32g491xx.o(RESET) refers to stm32g4xx_it.o(i.USART2_IRQHandler) for USART2_IRQHandler
    startup_stm32g491xx.o(RESET) refers to stm32g4xx_it.o(i.USART3_IRQHandler) for USART3_IRQHandler
    startup_stm32g491xx.o(.text) refers (Special) to heapauxi.o(.text) for __use_two_region_memory
    startup_stm32g491xx.o(.text) refers to system_stm32g4xx.o(i.SystemInit) for SystemInit
    startup_stm32g491xx.o(.text) refers to __main.o(!!!main) for __main
    startup_stm32g491xx.o(.text) refers to startup_stm32g491xx.o(HEAP) for Heap_Mem
    startup_stm32g491xx.o(.text) refers to startup_stm32g491xx.o(STACK) for Stack_Mem
    main.o(i.HAL_TIM_PeriodElapsedCallback) refers to main.o(.data) for .data
    main.o(i.HAL_UART_RxCpltCallback) refers to stm32g4xx_hal_uart.o(i.HAL_UART_Transmit) for HAL_UART_Transmit
    main.o(i.HAL_UART_RxCpltCallback) refers to rt_memclr.o(.text) for __aeabi_memclr
    main.o(i.HAL_UART_RxCpltCallback) refers to strstr.o(.text) for strstr
    main.o(i.HAL_UART_RxCpltCallback) refers to strtol.o(.text) for strtol
    main.o(i.HAL_UART_RxCpltCallback) refers to stm32g4xx_hal_uart.o(i.HAL_UART_Receive_IT) for HAL_UART_Receive_IT
    main.o(i.HAL_UART_RxCpltCallback) refers to main.o(.data) for .data
    main.o(i.HAL_UART_RxCpltCallback) refers to main.o(.bss) for .bss
    main.o(i.HAL_UART_RxCpltCallback) refers to usart.o(.bss) for huart1
    main.o(i.SystemClock_Config) refers to rt_memclr_w.o(.text) for __aeabi_memclr4
    main.o(i.SystemClock_Config) refers to stm32g4xx_hal_pwr_ex.o(i.HAL_PWREx_ControlVoltageScaling) for HAL_PWREx_ControlVoltageScaling
    main.o(i.SystemClock_Config) refers to stm32g4xx_hal_rcc.o(i.HAL_RCC_OscConfig) for HAL_RCC_OscConfig
    main.o(i.SystemClock_Config) refers to stm32g4xx_hal_rcc.o(i.HAL_RCC_ClockConfig) for HAL_RCC_ClockConfig
    main.o(i.main) refers to stm32g4xx_hal.o(i.HAL_Init) for HAL_Init
    main.o(i.main) refers to main.o(i.SystemClock_Config) for SystemClock_Config
    main.o(i.main) refers to gpio.o(i.MX_GPIO_Init) for MX_GPIO_Init
    main.o(i.main) refers to usart.o(i.MX_USART1_UART_Init) for MX_USART1_UART_Init
    main.o(i.main) refers to usart.o(i.MX_USART2_UART_Init) for MX_USART2_UART_Init
    main.o(i.main) refers to usart.o(i.MX_USART3_UART_Init) for MX_USART3_UART_Init
    main.o(i.main) refers to i2c.o(i.MX_I2C1_Init) for MX_I2C1_Init
    main.o(i.main) refers to adc.o(i.MX_ADC1_Init) for MX_ADC1_Init
    main.o(i.main) refers to tim.o(i.MX_TIM1_Init) for MX_TIM1_Init
    main.o(i.main) refers to stm32g4xx_hal_adc_ex.o(i.HAL_ADCEx_Calibration_Start) for HAL_ADCEx_Calibration_Start
    main.o(i.main) refers to stm32g4xx_hal_tim.o(i.HAL_TIM_Base_Start_IT) for HAL_TIM_Base_Start_IT
    main.o(i.main) refers to stm32g4xx_hal_uart.o(i.HAL_UART_Receive_IT) for HAL_UART_Receive_IT
    main.o(i.main) refers to adc.o(.bss) for hadc1
    main.o(i.main) refers to tim.o(.bss) for htim1
    main.o(i.main) refers to main.o(.data) for .data
    main.o(i.main) refers to usart.o(.bss) for huart1
    gpio.o(i.MX_GPIO_Init) refers to rt_memclr_w.o(.text) for __aeabi_memclr4
[...]
    .ARM.Collect$$libinit$$0000000C          0x08000252   Section        0  libinit2.o(.ARM.Collect$$libinit$$0000000C)
    .ARM.Collect$$libinit$$0000000E          0x08000252   Section        0  libinit2.o(.ARM.Collect$$libinit$$0000000E)
    .ARM.Collect$$libinit$$0000000F          0x08000252   Section        6  libinit2.o(.ARM.Collect$$libinit$$0000000F)
    .ARM.Collect$$libinit$$00000011          0x08000258   Section        0  libinit2.o(.ARM.Collect$$libinit$$00000011)
    .ARM.Collect$$libinit$$00000012          0x08000258   Section       12  libinit2.o(.ARM.Collect$$libinit$$00000012)
    .ARM.Collect$$libinit$$00000013          0x08000264   Section        0  libinit2.o(.ARM.Collect$$libinit$$00000013)
    .ARM.Collect$$libinit$$00000015          0x08000264   Section        0  libinit2.o(.ARM.Collect$$libinit$$00000015)
    .ARM.Collect$$libinit$$00000017          0x08000264   Section        0  libinit2.o(.ARM.Collect$$libinit$$00000017)
    .ARM.Collect$$libinit$$00000019          0x08000264   Section        0  libinit2.o(.ARM.Collect$$libinit$$00000019)
    .ARM.Collect$$libinit$$0000001B          0x08000264   Section        0  libinit2.o(.ARM.Collect$$libinit$$0000001B)
    .ARM.Collect$$libinit$$0000001D          0x08000264   Section        0  libinit2.o(.ARM.Collect$$libinit$$0000001D)
    .ARM.Collect$$libinit$$0000001F          0x08000264   Section        0  libinit2.o(.ARM.Collect$$libinit$$0000001F)
    .ARM.Collect$$libinit$$00000021          0x08000264   Section        0  libinit2.o(.ARM.Collect$$libinit$$00000021)
    .ARM.Collect$$libinit$$00000023          0x08000264   Section        0  libinit2.o(.ARM.Collect$$libinit$$00000023)
    .ARM.Collect$$libinit$$00000025          0x08000264   Section        0  libinit2.o(.ARM.Collect$$libinit$$00000025)
    .ARM.Collect$$libinit$$0000002C          0x08000264   Section        0  libinit2.o(.ARM.Collect$$libinit$$0000002C)
    .ARM.Collect$$libinit$$0000002E          0x08000264   Section        0  libinit2.o(.ARM.Collect$$libinit$$0000002E)
    .ARM.Collect$$libinit$$00000030          0x08000264   Section        0  libinit2.o(.ARM.Collect$$libinit$$00000030)
    .ARM.Collect$$libinit$$00000032          0x08000264   Section        0  libinit2.o(.ARM.Collect$$libinit$$00000032)
    .ARM.Collect$$libinit$$00000033          0x08000264   Section        2  libinit2.o(.ARM.Collect$$libinit$$00000033)
    .ARM.Collect$$libshutdown$$00000000      0x08000266   Section        2  libshutdown.o(.ARM.Collect$$libshutdown$$00000000)
    .ARM.Collect$$libshutdown$$00000002      0x08000268   Section        0  libshutdown2.o(.ARM.Collect$$libshutdown$$00000002)
    .ARM.Collect$$libshutdown$$00000004      0x08000268   Section        0  libshutdown2.o(.ARM.Collect$$libshutdown$$00000004)
    .ARM.Collect$$libshutdown$$00000006      0x08000268   Section        0  libshutdown2.o(.ARM.Collect$$libshutdown$$00000006)
    .ARM.Collect$$libshutdown$$00000009      0x08000268   Section        0  libshutdown2.o(.ARM.Collect$$libshutdown$$00000009)
    .ARM.Collect$$libshutdown$$0000000C      0x08000268   Section        0  libshutdown2.o(.ARM.Collect$$libshutdown$$0000000C)
    .ARM.Collect$$libshutdown$$0000000E      0x08000268   Section        0  libshutdown2.o(.ARM.Collect$$libshutdown$$0000000E)
    .ARM.Collect$$libshutdown$$00000011      0x08000268   Section        0  libshutdown2.o(.ARM.Collect$$libshutdown$$00000011)
    .ARM.Collect$$libshutdown$$00000012      0x08000268   Section        2  libshutdown2.o(.ARM.Collect$$libshutdown$$00000012)
    .ARM.Collect$$rtentry$$00000000          0x0800026a   Section        0  __rtentry.o(.ARM.Collect$$rtentry$$00000000)
    .ARM.Collect$$rtentry$$00000002          0x0800026a   Section        0  __rtentry2.o(.ARM.Collect$$rtentry$$00000002)
    .ARM.Collect$$rtentry$$00000004          0x0800026a   Section        6  __rtentry4.o(.ARM.Collect$$rtentry$$00000004)
    .ARM.Collect$$rtentry$$00000009          0x08000270   Section        0  __rtentry2.o(.ARM.Collect$$rtentry$$00000009)
    .ARM.Collect$$rtentry$$0000000A          0x08000270   Section        4  __rtentry2.o(.ARM.Collect$$rtentry$$0000000A)
    .ARM.Collect$$rtentry$$0000000C          0x08000274   Section        0  __rtentry2.o(.ARM.Collect$$rtentry$$0000000C)
    .ARM.Collect$$rtentry$$0000000D          0x08000274   Section        8  __rtentry2.o(.ARM.Collect$$rtentry$$0000000D)
    .ARM.Collect$$rtexit$$00000000           0x0800027c   Section        2  rtexit.o(.ARM.Collect$$rtexit$$00000000)
    .ARM.Collect$$rtexit$$00000002           0x0800027e   Section        0  rtexit2.o(.ARM.Collect$$rtexit$$00000002)
    .ARM.Collect$$rtexit$$00000003           0x0800027e   Section        4  rtexit2.o(.ARM.Collect$$rtexit$$00000003)
    .ARM.Collect$$rtexit$$00000004           0x08000282   Section        6  rtexit2.o(.ARM.Collect$$rtexit$$00000004)
    .text                                    0x08000288   Section       64  startup_stm32g491xx.o(.text)
    $v0                                      0x08000288   Number         0  startup_stm32g491xx.o(.text)
    .text                                    0x080002c8   Section        2  use_no_semi_2.o(.text)
    .text                                    0x080002ca   Section      238  lludivv7m.o(.text)
    .text                                    0x080003b8   Section        0  strtol.o(.text)
    .text                                    0x08000428   Section        0  strstr.o(.text)
    .text                                    0x0800044c   Section       68  rt_memclr.o(.text)
    .text                                    0x08000490   Section       78  rt_memclr_w.o(.text)
    .text                                    0x080004de   Section        0  heapauxi.o(.text)
    .text                                    0x080004e4   Section        2  use_no_semi.o(.text)
    .text                                    0x080004e8   Section       16  rt_ctype_table.o(.text)
    .text                                    0x080004f8   Section        8  rt_errno_addr_intlibspace.o(.text)
    .text                                    0x08000500   Section        0  _strtoul.o(.text)
    .text                                    0x080005a0   Section        8  libspace.o(.text)
    .text                                    0x080005a8   Section        8  rt_locale_intlibspace.o(.text)
    .text                                    0x080005b0   Section        0  _chval.o(.text)
    .text                                    0x080005cc   Section       74  sys_stackheap_outer.o(.text)
    .text                                    0x08000616   Section        0  exit.o(.text)
    .text                                    0x08000628   Section      128  strcmpv7m.o(.text)
    i.ADC1_2_IRQHandler                      0x080006a8   Section        0  stm32g4xx_it.o(i.ADC1_2_IRQHandler)
    i.ADC_Disable                            0x080006b4   Section        0  stm32g4xx_hal_adc.o(i.ADC_Disable)
    i.BusFault_Handler                       0x08000724   Section        0  stm32g4xx_it.o(i.BusFault_Handler)
    i.DebugMon_Handler                       0x08000726   Section        0  stm32g4xx_it.o(i.DebugMon_Handler)
    i.Error_Handler                          0x08000728   Section        0  main.o(i.Error_Handler)
    i.HAL_ADCEx_Calibration_Start            0x0800072c   Section        0  stm32g4xx_hal_adc_ex.o(i.HAL_ADCEx_Calibration_Start)
    i.HAL_ADCEx_EndOfSamplingCallback        0x080007c0   Section        0  stm32g4xx_hal_adc_ex.o(i.HAL_ADCEx_EndOfSamplingCallback)
    i.HAL_ADCEx_InjectedConvCpltCallback     0x080007c2   Section        0  stm32g4xx_hal_adc_ex.o(i.HAL_ADCEx_InjectedConvCpltCallback)
    i.HAL_ADCEx_InjectedQueueOverflowCallback 0x080007c4   Section        0  stm32g4xx_hal_adc_ex.o(i.HAL_ADCEx_InjectedQueueOverflowCallback)
    i.HAL_ADCEx_LevelOutOfWindow2Callback    0x080007c6   Section        0  stm32g4xx_hal_adc_ex.o(i.HAL_ADCEx_LevelOutOfWindow2Callback)
    i.HAL_ADCEx_LevelOutOfWindow3Callback    0x080007c8   Section        0  stm32g4xx_hal_adc_ex.o(i.HAL_ADCEx_LevelOutOfWindow3Callback)
    i.HAL_ADCEx_MultiModeConfigChannel       0x080007cc   Section        0  stm32g4xx_hal_adc_ex.o(i.HAL_ADCEx_MultiModeConfigChannel)
    i.HAL_ADC_ConfigChannel                  0x080008ec   Section        0  stm32g4xx_hal_adc.o(i.HAL_ADC_ConfigChannel)
    i.HAL_ADC_ConvCpltCallback               0x08000d34   Section        0  stm32g4xx_hal_adc.o(i.HAL_ADC_ConvCpltCallback)
    i.HAL_ADC_ErrorCallback                  0x08000d36   Section        0  stm32g4xx_hal_adc.o(i.HAL_ADC_ErrorCallback)
    i.HAL_ADC_IRQHandler                     0x08000d38   Section        0  stm32g4xx_hal_adc.o(i.HAL_ADC_IRQHandler)
    i.HAL_ADC_Init                           0x08000fc4   Section        0  stm32g4xx_hal_adc.o(i.HAL_ADC_Init)
    i.HAL_ADC_LevelOutOfWindowCallback       0x080011dc   Section        0  stm32g4xx_hal_adc.o(i.HAL_ADC_LevelOutOfWindowCallback)
    i.HAL_ADC_MspInit                        0x080011e0   Section        0  adc.o(i.HAL_ADC_MspInit)
    i.HAL_DMA_Abort                          0x08001264   Section        0  stm32g4xx_hal_dma.o(i.HAL_DMA_Abort)
    i.HAL_DMA_Abort_IT                       0x080012ce   Section        0  stm32g4xx_hal_dma.o(i.HAL_DMA_Abort_IT)
    i.HAL_GPIO_Init                          0x08001348   Section        0  stm32g4xx_hal_gpio.o(i.HAL_GPIO_Init)
    i.HAL_GPIO_WritePin                      0x08001590   Section        0  stm32g4xx_hal_gpio.o(i.HAL_GPIO_WritePin)
    i.HAL_GetTick                            0x0800159c   Section        0  stm32g4xx_hal.o(i.HAL_GetTick)
    i.HAL_I2CEx_ConfigAnalogFilter           0x080015a8   Section        0  stm32g4xx_hal_i2c_ex.o(i.HAL_I2CEx_ConfigAnalogFilter)
    i.HAL_I2CEx_ConfigDigitalFilter          0x080015fe   Section        0  stm32g4xx_hal_i2c_ex.o(i.HAL_I2CEx_ConfigDigitalFilter)
    i.HAL_I2C_Init                           0x08001650   Section        0  stm32g4xx_hal_i2c.o(i.HAL_I2C_Init)
    i.HAL_I2C_MspInit                        0x0800170c   Section        0  i2c.o(i.HAL_I2C_MspInit)
    i.HAL_IncTick                            0x080017b0   Section        0  stm32g4xx_hal.o(i.HAL_IncTick)
    i.HAL_Init                               0x080017c0   Section        0  stm32g4xx_hal.o(i.HAL_Init)
    i.HAL_InitTick                           0x080017e0   Section        0  stm32g4xx_hal.o(i.HAL_InitTick)
    i.HAL_MspInit                            0x08001824   Section        0  stm32g4xx_hal_msp.o(i.HAL_MspInit)
    i.HAL_NVIC_EnableIRQ                     0x08001854   Section        0  stm32g4xx_hal_cortex.o(i.HAL_NVIC_EnableIRQ)
    i.HAL_NVIC_SetPriority                   0x08001870   Section        0  stm32g4xx_hal_cortex.o(i.HAL_NVIC_SetPriority)
    i.HAL_NVIC_SetPriorityGrouping           0x080018b0   Section        0  stm32g4xx_hal_cortex.o(i.HAL_NVIC_SetPriorityGrouping)
    i.HAL_PWREx_ControlVoltageScaling        0x080018d4   Section        0  stm32g4xx_hal_pwr_ex.o(i.HAL_PWREx_ControlVoltageScaling)
    i.HAL_PWREx_DisableUCPDDeadBattery       0x08001990   Section        0  stm32g4xx_hal_pwr_ex.o(i.HAL_PWREx_DisableUCPDDeadBattery)
    i.HAL_RCCEx_PeriphCLKConfig              0x080019a0   Section        0  stm32g4xx_hal_rcc_ex.o(i.HAL_RCCEx_PeriphCLKConfig)
    i.HAL_RCC_ClockConfig                    0x08001c88   Section        0  stm32g4xx_hal_rcc.o(i.HAL_RCC_ClockConfig)
    i.HAL_RCC_GetPCLK1Freq                   0x08001e64   Section        0  stm32g4xx_hal_rcc.o(i.HAL_RCC_GetPCLK1Freq)
    i.HAL_RCC_GetPCLK2Freq                   0x08001e88   Section        0  stm32g4xx_hal_rcc.o(i.HAL_RCC_GetPCLK2Freq)
    i.HAL_RCC_GetSysClockFreq                0x08001eac   Section        0  stm32g4xx_hal_rcc.o(i.HAL_RCC_GetSysClockFreq)
    i.HAL_RCC_OscConfig                      0x08001f18   Section        0  stm32g4xx_hal_rcc.o(i.HAL_RCC_OscConfig)
    i.HAL_SYSTICK_Config                     0x0800231c   Section        0  stm32g4xx_hal_cortex.o(i.HAL_SYSTICK_Config)
    i.HAL_TIMEx_Break2Callback               0x08002344   Section        0  stm32g4xx_hal_tim_ex.o(i.HAL_TIMEx_Break2Callback)
    i.HAL_TIMEx_BreakCallback                0x08002346   Section        0  stm32g4xx_hal_tim_ex.o(i.HAL_TIMEx_BreakCallback)
    i.HAL_TIMEx_CommutCallback               0x08002348   Section        0  stm32g4xx_hal_tim_ex.o(i.HAL_TIMEx_CommutCallback)
    i.HAL_TIMEx_DirectionChangeCallback      0x0800234a   Section        0  stm32g4xx_hal_tim_ex.o(i.HAL_TIMEx_DirectionChangeCallback)
    i.HAL_TIMEx_EncoderIndexCallback         0x0800234c   Section        0  stm32g4xx_hal_tim_ex.o(i.HAL_TIMEx_EncoderIndexCallback)
    i.HAL_TIMEx_IndexErrorCallback           0x0800234e   Section        0  stm32g4xx_hal_tim_ex.o(i.HAL_TIMEx_IndexErrorCallback)
    i.HAL_TIMEx_MasterConfigSynchronization  0x08002350   Section        0  stm32g4xx_hal_tim_ex.o(i.HAL_TIMEx_MasterConfigSynchronization)
    i.HAL_TIMEx_TransitionErrorCallback      0x080023fc   Section        0  stm32g4xx_hal_tim_ex.o(i.HAL_TIMEx_TransitionErrorCallback)
    i.HAL_TIM_Base_Init                      0x080023fe   Section        0  stm32g4xx_hal_tim.o(i.HAL_TIM_Base_Init)
    i.HAL_TIM_Base_MspInit                   0x08002460   Section        0  tim.o(i.HAL_TIM_Base_MspInit)
    i.HAL_TIM_Base_Start_IT                  0x0800249c   Section        0  stm32g4xx_hal_tim.o(i.HAL_TIM_Base_Start_IT)
    i.HAL_TIM_ConfigClockSource              0x0800251c   Section        0  stm32g4xx_hal_tim.o(i.HAL_TIM_ConfigClockSource)
    i.HAL_TIM_IC_CaptureCallback             0x08002620   Section        0  stm32g4xx_hal_tim.o(i.HAL_TIM_IC_CaptureCallback)
    i.HAL_TIM_IRQHandler                     0x08002622   Section        0  stm32g4xx_hal_tim.o(i.HAL_TIM_IRQHandler)
    i.HAL_TIM_OC_DelayElapsedCallback        0x080027c4   Section        0  stm32g4xx_hal_tim.o(i.HAL_TIM_OC_DelayElapsedCallback)
    i.HAL_TIM_PWM_PulseFinishedCallback      0x080027c6   Section        0  stm32g4xx_hal_tim.o(i.HAL_TIM_PWM_PulseFinishedCallback)
    i.HAL_TIM_PeriodElapsedCallback          0x080027c8   Section        0  main.o(i.HAL_TIM_PeriodElapsedCallback)
    i.HAL_TIM_TriggerCallback                0x080027f0   Section        0  stm32g4xx_hal_tim.o(i.HAL_TIM_TriggerCallback)
    i.HAL_UARTEx_DisableFifoMode             0x080027f2   Section        0  stm32g4xx_hal_uart_ex.o(i.HAL_UARTEx_DisableFifoMode)
    i.HAL_UARTEx_RxEventCallback             0x08002830   Section        0  stm32g4xx_hal_uart.o(i.HAL_UARTEx_RxEventCallback)
    i.HAL_UARTEx_RxFifoFullCallback          0x08002832   Section        0  stm32g4xx_hal_uart_ex.o(i.HAL_UARTEx_RxFifoFullCallback)
    i.HAL_UARTEx_SetRxFifoThreshold          0x08002834   Section        0  stm32g4xx_hal_uart_ex.o(i.HAL_UARTEx_SetRxFifoThreshold)
    i.HAL_UARTEx_SetTxFifoThreshold          0x08002880   Section        0  stm32g4xx_hal_uart_ex.o(i.HAL_UARTEx_SetTxFifoThreshold)
    i.HAL_UARTEx_TxFifoEmptyCallback         0x080028cc   Section        0  stm32g4xx_hal_uart_ex.o(i.HAL_UARTEx_TxFifoEmptyCallback)
    i.HAL_UARTEx_WakeupCallback              0x080028ce   Section        0  stm32g4xx_hal_uart_ex.o(i.HAL_UARTEx_WakeupCallback)
    i.HAL_UART_ErrorCallback                 0x080028d0   Section        0  stm32g4xx_hal_uart.o(i.HAL_UART_ErrorCallback)
    i.HAL_UART_IRQHandler                    0x080028d4   Section        0  stm32g4xx_hal_uart.o(i.HAL_UART_IRQHandler)
    i.HAL_UART_Init                          0x08002be0   Section        0  stm32g4xx_hal_uart.o(i.HAL_UART_Init)
    i.HAL_UART_MspInit                       0x08002c4c   Section        0  usart.o(i.HAL_UART_MspInit)
    i.HAL_UART_Receive_IT                    0x08002d9c   Section        0  stm32g4xx_hal_uart.o(i.HAL_UART_Receive_IT)
    i.HAL_UART_RxCpltCallback                0x08002de4   Section        0  main.o(i.HAL_UART_RxCpltCallback)
    i.HAL_UART_Transmit                      0x08002ed0   Section        0  stm32g4xx_hal_uart.o(i.HAL_UART_Transmit)
    i.HAL_UART_TxCpltCallback                0x08002f7e   Section        0  stm32g4xx_hal_uart.o(i.HAL_UART_TxCpltCallback)
    i.HardFault_Handler                      0x08002f80   Section        0  stm32g4xx_it.o(i.HardFault_Handler)
    i.LL_ADC_GetOffsetChannel                0x08002f82   Section        0  stm32g4xx_hal_adc.o(i.LL_ADC_GetOffsetChannel)
    LL_ADC_GetOffsetChannel                  0x08002f83   Thumb Code    12  stm32g4xx_hal_adc.o(i.LL_ADC_GetOffsetChannel)
    i.LL_ADC_INJ_IsConversionOngoing         0x08002f8e   Section        0  stm32g4xx_hal_adc.o(i.LL_ADC_INJ_IsConversionOngoing)
    LL_ADC_INJ_IsConversionOngoing           0x08002f8f   Thumb Code     8  stm32g4xx_hal_adc.o(i.LL_ADC_INJ_IsConversionOngoing)
    i.LL_ADC_REG_IsConversionOngoing         0x08002f96   Section        0  stm32g4xx_hal_adc.o(i.LL_ADC_REG_IsConversionOngoing)
    LL_ADC_REG_IsConversionOngoing           0x08002f97   Thumb Code     8  stm32g4xx_hal_adc.o(i.LL_ADC_REG_IsConversionOngoing)
    i.LL_ADC_REG_IsConversionOngoing         0x08002f9e   Section        0  stm32g4xx_hal_adc_ex.o(i.LL_ADC_REG_IsConversionOngoing)
    LL_ADC_REG_IsConversionOngoing           0x08002f9f   Thumb Code     8  stm32g4xx_hal_adc_ex.o(i.LL_ADC_REG_IsConversionOngoing)
    i.LL_ADC_REG_IsTriggerSourceSWStart      0x08002fa6   Section        0  stm32g4xx_hal_adc.o(i.LL_ADC_REG_IsTriggerSourceSWStart)
    LL_ADC_REG_IsTriggerSourceSWStart        0x08002fa7   Thumb Code    16  stm32g4xx_hal_adc.o(i.LL_ADC_REG_IsTriggerSourceSWStart)
    i.LL_ADC_SetChannelSamplingTime          0x08002fb6   Section        0  stm32g4xx_hal_adc.o(i.LL_ADC_SetChannelSamplingTime)
    LL_ADC_SetChannelSamplingTime            0x08002fb7   Thumb Code    30  stm32g4xx_hal_adc.o(i.LL_ADC_SetChannelSamplingTime)
    i.LL_ADC_SetOffsetState                  0x08002fd4   Section        0  stm32g4xx_hal_adc.o(i.LL_ADC_SetOffsetState)
    LL_ADC_SetOffsetState                    0x08002fd5   Thumb Code    16  stm32g4xx_hal_adc.o(i.LL_ADC_SetOffsetState)
    i.MX_ADC1_Init                           0x08002fe4   Section        0  adc.o(i.MX_ADC1_Init)
    i.MX_GPIO_Init                           0x08003074   Section        0  gpio.o(i.MX_GPIO_Init)
    i.MX_I2C1_Init                           0x0800313c   Section        0  i2c.o(i.MX_I2C1_Init)
    i.MX_TIM1_Init                           0x08003194   Section        0  tim.o(i.MX_TIM1_Init)
    i.MX_USART1_UART_Init                    0x08003204   Section        0  usart.o(i.MX_USART1_UART_Init)
    i.MX_USART2_UART_Init                    0x0800326c   Section        0  usart.o(i.MX_USART2_UART_Init)
    i.MX_USART3_UART_Init                    0x080032d4   Section        0  usart.o(i.MX_USART3_UART_Init)
    i.MemManage_Handler                      0x0800333c   Section        0  stm32g4xx_it.o(i.MemManage_Handler)
    i.NMI_Handler                            0x0800333e   Section        0  stm32g4xx_it.o(i.NMI_Handler)
    i.PendSV_Handler                         0x08003340   Section        0  stm32g4xx_it.o(i.PendSV_Handler)
    i.SVC_Handler                            0x08003342   Section        0  stm32g4xx_it.o(i.SVC_Handler)
    i.SysTick_Handler                        0x08003344   Section        0  stm32g4xx_it.o(i.SysTick_Handler)
    i.SystemClock_Config                     0x08003348   Section        0  main.o(i.SystemClock_Config)
    i.SystemInit                             0x080033b0   Section        0  system_stm32g4xx.o(i.SystemInit)
    i.TIM1_UP_TIM16_IRQHandler               0x080033c0   Section        0  stm32g4xx_it.o(i.TIM1_UP_TIM16_IRQHandler)
    i.TIM_Base_SetConfig                     0x080033cc   Section        0  stm32g4xx_hal_tim.o(i.TIM_Base_SetConfig)
    i.TIM_ETR_SetConfig                      0x080034a0   Section        0  stm32g4xx_hal_tim.o(i.TIM_ETR_SetConfig)
    i.TIM_ITRx_SetConfig                     0x080034b4   Section        0  stm32g4xx_hal_tim.o(i.TIM_ITRx_SetConfig)
    TIM_ITRx_SetConfig                       0x080034b5   Thumb Code    16  stm32g4xx_hal_tim.o(i.TIM_ITRx_SetConfig)
    i.TIM_TI1_ConfigInputStage               0x080034c8   Section        0  stm32g4xx_hal_tim.o(i.TIM_TI1_ConfigInputStage)
    TIM_TI1_ConfigInputStage                 0x080034c9   Thumb Code    34  stm32g4xx_hal_tim.o(i.TIM_TI1_ConfigInputStage)
    i.TIM_TI2_ConfigInputStage               0x080034ea   Section        0  stm32g4xx_hal_tim.o(i.TIM_TI2_ConfigInputStage)
    TIM_TI2_ConfigInputStage                 0x080034eb   Thumb Code    36  stm32g4xx_hal_tim.o(i.TIM_TI2_ConfigInputStage)
    i.UARTEx_SetNbDataToProcess              0x08003510   Section        0  stm32g4xx_hal_uart_ex.o(i.UARTEx_SetNbDataToProcess)
    UARTEx_SetNbDataToProcess                0x08003511   Thumb Code    62  stm32g4xx_hal_uart_ex.o(i.UARTEx_SetNbDataToProcess)
    i.UART_AdvFeatureConfig                  0x08003554   Section        0  stm32g4xx_hal_uart.o(i.UART_AdvFeatureConfig)
    i.UART_CheckIdleState                    0x0800361c   Section        0  stm32g4xx_hal_uart.o(i.UART_CheckIdleState)
    i.UART_DMAAbortOnError                   0x080036c8   Section        0  stm32g4xx_hal_uart.o(i.UART_DMAAbortOnError)
    UART_DMAAbortOnError                     0x080036c9   Thumb Code    20  stm32g4xx_hal_uart.o(i.UART_DMAAbortOnError)
    i.UART_EndRxTransfer                     0x080036dc   Section        0  stm32g4xx_hal_uart.o(i.UART_EndRxTransfer)
    UART_EndRxTransfer                       0x080036dd   Thumb Code    78  stm32g4xx_hal_uart.o(i.UART_EndRxTransfer)
    i.UART_RxISR_16BIT                       0x08003730   Section        0  stm32g4xx_hal_uart.o(i.UART_RxISR_16BIT)
    UART_RxISR_16BIT                         0x08003731   Thumb Code   196  stm32g4xx_hal_uart.o(i.UART_RxISR_16BIT)
    i.UART_RxISR_16BIT_FIFOEN                0x080037f8   Section        0  stm32g4xx_hal_uart.o(i.UART_RxISR_16BIT_FIFOEN)
    UART_RxISR_16BIT_FIFOEN                  0x080037f9   Thumb Code   404  stm32g4xx_hal_uart.o(i.UART_RxISR_16BIT_FIFOEN)
    i.UART_RxISR_8BIT                        0x08003998   Section        0  stm32g4xx_hal_uart.o(i.UART_RxISR_8BIT)
    UART_RxISR_8BIT                          0x08003999   Thumb Code   196  stm32g4xx_hal_uart.o(i.UART_RxISR_8BIT)
    i.UART_RxISR_8BIT_FIFOEN                 0x08003a60   Section        0  stm32g4xx_hal_uart.o(i.UART_RxISR_8BIT_FIFOEN)
    UART_RxISR_8BIT_FIFOEN                   0x08003a61   Thumb Code   404  stm32g4xx_hal_uart.o(i.UART_RxISR_8BIT_FIFOEN)
    i.UART_SetConfig                         0x08003c00   Section        0  stm32g4xx_hal_uart.o(i.UART_SetConfig)
    i.UART_Start_Receive_IT                  0x08003e98   Section        0  stm32g4xx_hal_uart.o(i.UART_Start_Receive_IT)
    i.UART_WaitOnFlagUntilTimeout            0x08003fa8   Section        0  stm32g4xx_hal_uart.o(i.UART_WaitOnFlagUntilTimeout)
    i.USART1_IRQHandler                      0x0800403c   Section        0  stm32g4xx_it.o(i.USART1_IRQHandler)
    i.USART2_IRQHandler                      0x08004048   Section        0  stm32g4xx_it.o(i.USART2_IRQHandler)
    i.USART3_IRQHandler                      0x08004054   Section        0  stm32g4xx_it.o(i.USART3_IRQHandler)
    i.UsageFault_Handler                     0x08004060   Section        0  stm32g4xx_it.o(i.UsageFault_Handler)
    i.__NVIC_SetPriority                     0x08004062   Section        0  stm32g4xx_hal_cortex.o(i.__NVIC_SetPriority)
    __NVIC_SetPriority                       0x08004063   Thumb Code    32  stm32g4xx_hal_cortex.o(i.__NVIC_SetPriority)
    i._sys_exit                              0x08004082   Section        0  usart.o(i._sys_exit)
    i.main                                   0x08004084   Section        0  main.o(i.main)
    locale$$code                             0x080040f4   Section       44  lc_ctype_c.o(locale$$code)
    x$fpl$fpinit                             0x08004120   Section       10  fpinit.o(x$fpl$fpinit)
    $v0                                      0x08004120   Number         0  fpinit.o(x$fpl$fpinit)
    .constdata                               0x0800412a   Section       24  stm32g4xx_hal_uart.o(.constdata)
    .constdata                               0x08004142   Section       16  stm32g4xx_hal_uart_ex.o(.constdata)
    numerator                                0x08004142   Data           8  stm32g4xx_hal_uart_ex.o(.constdata)
    denominator                              0x0800414a   Data           8  stm32g4xx_hal_uart_ex.o(.constdata)
    .constdata                               0x08004152   Section       16  system_stm32g4xx.o(.constdata)
    .constdata                               0x08004162   Section        8  system_stm32g4xx.o(.constdata)
    locale$$data                             0x0800418c   Section      272  lc_ctype_c.o(locale$$data)
    __lcctype_c_name                         0x08004190   Data           2  lc_ctype_c.o(locale$$data)
    __lcctype_c_start                        0x08004198   Data           0  lc_ctype_c.o(locale$$data)
    __lcctype_c_end                          0x0800429c   Data           0  lc_ctype_c.o(locale$$data)
    .data                                    0x20000000   Section       12  main.o(.data)
    .data                                    0x2000000c   Section       12  stm32g4xx_hal.o(.data)
    .data                                    0x20000018   Section        4  system_stm32g4xx.o(.data)
    .bss                                     0x2000001c   Section     8192  main.o(.bss)
    .bss                                     0x2000201c   Section      108  adc.o(.bss)
    .bss                                     0x20002088   Section       84  i2c.o(.bss)
    .bss                                     0x200020dc   Section       76  tim.o(.bss)
    .bss                                     0x20002128   Section      444  usart.o(.bss)
    .bss                                     0x200022e4   Section       96  libspace.o(.bss)
    HEAP                                     0x20002348   Section      512  startup_stm32g491xx.o(HEAP)
    Heap_Mem                                 0x20002348   Data         512  startup_stm32g491xx.o(HEAP)
    STACK                                    0x20002548   Section     1024  startup_stm32g491xx.o(STACK)
    Stack_Mem                                0x20002548   Data        1024  startup_stm32g491xx.o(STACK)
    __initial_sp                             0x20002948   Data           0  startup_stm32g491xx.o(STACK)

    Global Symbols

    Symbol Name                              Value     Ov Type        Size  Object(Section)

    BuildAttributes$$THM_ISAv4$E$P$D$K$B$S$7EM$VFPi3$EXTD16$VFPS$VFMA$PE$A:L22UL41UL21$X:L11$S22US41US21$IEEE1$IW$USESV6$~STKCKD$USESV7$~SHL$OTIME$ROPI$IEEEX$EBA8$UX$STANDARDLIB$REQ8$PRES8$EABIv2 0x00000000   Number         0  anon$$obj.o ABSOLUTE
    __ARM_use_no_argv                        0x00000000   Number         0  main.o ABSOLUTE
    _printf_flags                            0x00000000   Number         0  printf_stubs.o ABSOLUTE
    _printf_return_value                     0x00000000   Number         0  printf_stubs.o ABSOLUTE
    _printf_sizespec                         0x00000000   Number         0  printf_stubs.o ABSOLUTE
    _printf_widthprec                        0x00000000   Number         0  printf_stubs.o ABSOLUTE
    __ARM_exceptions_init                     - Undefined Weak Reference
    __alloca_initialize                       - Undefined Weak Reference
    __arm_fini_                               - Undefined Weak Reference
    __arm_preinit_                            - Undefined Weak Reference
    __cpp_initialize__aeabi_                  - Undefined Weak Reference
    __cxa_finalize                            - Undefined Weak Reference
    __sigvec_lookup                           - Undefined Weak Reference
    __user_heap_extent                        - Undefined Weak Reference
    _atexit_init                              - Undefined Weak Reference
    _call_atexit_fns                          - Undefined Weak Reference
    _clock_init                               - Undefined Weak Reference
    _fp_trap_init                             - Undefined Weak Reference
    _fp_trap_shutdown                         - Undefined Weak Reference
    _get_lc_collate                           - Undefined Weak Reference
    _get_lc_monetary                          - Undefined Weak Reference
    _get_lc_time                              - Undefined Weak Reference
    _getenv_init                              - Undefined Weak Reference
    _handle_redirection                       - Undefined Weak Reference
    _initio                                   - Undefined Weak Reference
    _mutex_acquire                            - Undefined Weak Reference
    _mutex_free                               - Undefined Weak Reference
    _mutex_release                            - Undefined Weak Reference
    _printf_mbtowc                            - Undefined Weak Reference
    _printf_wc                                - Undefined Weak Reference
    _rand_init                                - Undefined Weak Reference
    _signal_finish                            - Undefined Weak Reference
    _signal_init                              - Undefined Weak Reference
    _terminateio                              - Undefined Weak Reference
    __Vectors_Size                           0x000001d8   Number         0  startup_stm32g491xx.o ABSOLUTE
    __Vectors                                0x08000000   Data           4  startup_stm32g491xx.o(RESET)
    __Vectors_End                            0x080001d8   Data           0  startup_stm32g491xx.o(RESET)
    __main                                   0x080001d9   Thumb Code     8  __main.o(!!!main)
    __scatterload                            0x080001e1   Thumb Code     0  __scatter.o(!!!scatter)
    __scatterload_rt2                        0x080001e1   Thumb Code    44  __scatter.o(!!!scatter)
    __scatterload_rt2_thumb_only             0x080001e1   Thumb Code     0  __scatter.o(!!!scatter)
    __scatterload_null                       0x080001ef   Thumb Code     0  __scatter.o(!!!scatter)
    __scatterload_copy                       0x08000215   Thumb Code    26  __scatter_copy.o(!!handler_copy)
    __scatterload_zeroinit                   0x08000231   Thumb Code    28  __scatter_zi.o(!!handler_zi)
    __rt_lib_init                            0x0800024d   Thumb Code     0  libinit.o(.ARM.Collect$$libinit$$00000000)
    __rt_lib_init_fp_1                       0x0800024f   Thumb Code     0  libinit2.o(.ARM.Collect$$libinit$$00000001)
    __rt_lib_init_heap_1                     0x08000253   Thumb Code     0  libinit2.o(.ARM.Collect$$libinit$$0000000A)
    __rt_lib_init_lc_common                  0x08000253   Thumb Code     0  libinit2.o(.ARM.Collect$$libinit$$0000000F)
    __rt_lib_init_preinit_1                  0x08000253   Thumb Code     0  libinit2.o(.ARM.Collect$$libinit$$00000004)
    __rt_lib_init_rand_1                     0x08000253   Thumb Code     0  libinit2.o(.ARM.Collect$$libinit$$0000000E)
    __rt_lib_init_user_alloc_1               0x08000253   Thumb Code     0  libinit2.o(.ARM.Collect$$libinit$$0000000C)
    __rt_lib_init_lc_collate_1               0x08000259   Thumb Code     0  libinit2.o(.ARM.Collect$$libinit$$00000011)
    __rt_lib_init_lc_ctype_2                 0x08000259   Thumb Code     0  libinit2.o(.ARM.Collect$$libinit$$00000012)
    __rt_lib_init_alloca_1                   0x08000265   Thumb Code     0  libinit2.o(.ARM.Collect$$libinit$$0000002E)
    __rt_lib_init_argv_1                     0x08000265   Thumb Code     0  libinit2.o(.ARM.Collect$$libinit$$0000002C)
    __rt_lib_init_atexit_1                   0x08000265   Thumb Code     0  libinit2.o(.ARM.Collect$$libinit$$0000001B)
    __rt_lib_init_clock_1                    0x08000265   Thumb Code     0  libinit2.o(.ARM.Collect$$libinit$$00000021)
    __rt_lib_init_cpp_1                      0x08000265   Thumb Code     0  libinit2.o(.ARM.Collect$$libinit$$00000032)
    __rt_lib_init_exceptions_1               0x08000265   Thumb Code     0  libinit2.o(.ARM.Collect$$libinit$$00000030)
    __rt_lib_init_fp_trap_1                  0x08000265   Thumb Code     0  libinit2.o(.ARM.Collect$$libinit$$0000001F)
    __rt_lib_init_getenv_1                   0x08000265   Thumb Code     0  libinit2.o(.ARM.Collect$$libinit$$00000023)
    __rt_lib_init_lc_ctype_1                 0x08000265   Thumb Code     0  libinit2.o(.ARM.Collect$$libinit$$00000013)
    __rt_lib_init_lc_monetary_1              0x08000265   Thumb Code     0  libinit2.o(.ARM.Collect$$libinit$$00000015)
    __rt_lib_init_lc_numeric_1               0x08000265   Thumb Code     0  libinit2.o(.ARM.Collect$$libinit$$00000017)
    __rt_lib_init_lc_time_1                  0x08000265   Thumb Code     0  libinit2.o(.ARM.Collect$$libinit$$00000019)
    __rt_lib_init_return                     0x08000265   Thumb Code     0  libinit2.o(.ARM.Collect$$libinit$$00000033)
    __rt_lib_init_signal_1                   0x08000265   Thumb Code     0  libinit2.o(.ARM.Collect$$libinit$$0000001D)
    __rt_lib_init_stdio_1                    0x08000265   Thumb Code     0  libinit2.o(.ARM.Collect$$libinit$$00000025)
    __rt_lib_shutdown                        0x08000267   Thumb Code     0  libshutdown.o(.ARM.Collect$$libshutdown$$00000000)
    __rt_lib_shutdown_cpp_1                  0x08000269   Thumb Code     0  libshutdown2.o(.ARM.Collect$$libshutdown$$00000004)
    __rt_lib_shutdown_fini_1                 0x08000269   Thumb Code     0  libshutdown2.o(.ARM.Collect$$libshutdown$$00000002)
    __rt_lib_shutdown_fp_trap_1              0x08000269   Thumb Code     0  libshutdown2.o(.ARM.Collect$$libshutdown$$00000009)
    __rt_lib_shutdown_heap_1                 0x08000269   Thumb Code     0  libshutdown2.o(.ARM.Collect$$libshutdown$$00000011)
    __rt_lib_shutdown_return                 0x08000269   Thumb Code     0  libshutdown2.o(.ARM.Collect$$libshutdown$$00000012)
    __rt_lib_shutdown_signal_1               0x08000269   Thumb Code     0  libshutdown2.o(.ARM.Collect$$libshutdown$$0000000C)
    __rt_lib_shutdown_stdio_1                0x08000269   Thumb Code     0  libshutdown2.o(.ARM.Collect$$libshutdown$$00000006)
    __rt_lib_shutdown_user_alloc_1           0x08000269   Thumb Code     0  libshutdown2.o(.ARM.Collect$$libshutdown$$0000000E)
    __rt_entry                               0x0800026b   Thumb Code     0  __rtentry.o(.ARM.Collect$$rtentry$$00000000)
    __rt_entry_presh_1                       0x0800026b   Thumb Code     0  __rtentry2.o(.ARM.Collect$$rtentry$$00000002)
    __rt_entry_sh                            0x0800026b   Thumb Code     0  __rtentry4.o(.ARM.Collect$$rtentry$$00000004)
    __rt_entry_li                            0x08000271   Thumb Code     0  __rtentry2.o(.ARM.Collect$$rtentry$$0000000A)
    __rt_entry_postsh_1                      0x08000271   Thumb Code     0  __rtentry2.o(.ARM.Collect$$rtentry$$00000009)
    __rt_entry_main                          0x08000275   Thumb Code     0  __rtentry2.o(.ARM.Collect$$rtentry$$0000000D)
    __rt_entry_postli_1                      0x08000275   Thumb Code     0  __rtentry2.o(.ARM.Collect$$rtentry$$0000000C)
    __rt_exit                                0x0800027d   Thumb Code     0  rtexit.o(.ARM.Collect$$rtexit$$00000000)
    __rt_exit_ls                             0x0800027f   Thumb Code     0  rtexit2.o(.ARM.Collect$$rtexit$$00000003)
    __rt_exit_prels_1                        0x0800027f   Thumb Code     0  rtexit2.o(.ARM.Collect$$rtexit$$00000002)
    __rt_exit_exit                           0x08000283   Thumb Code     0  rtexit2.o(.ARM.Collect$$rtexit$$00000004)
    Reset_Handler                            0x08000289   Thumb Code     8  startup_stm32g491xx.o(.text)
    ADC3_IRQHandler                          0x080002a3   Thumb Code     0  startup_stm32g491xx.o(.text)
    COMP1_2_3_IRQHandler                     0x080002a3   Thumb Code     0  startup_stm32g491xx.o(.text)
    COMP4_IRQHandler                         0x080002a3   Thumb Code     0  startup_stm32g491xx.o(.text)
    CORDIC_IRQHandler                        0x080002a3   Thumb Code     0  startup_stm32g491xx.o(.text)
    CRS_IRQHandler                           0x080002a3   Thumb Code     0  startup_stm32g491xx.o(.text)
    DMA1_Channel1_IRQHandler                 0x080002a3   Thumb Code     0  startup_stm32g491xx.o(.text)
    DMA1_Channel2_IRQHandler                 0x080002a3   Thumb Code     0  startup_stm32g491xx.o(.text)
    DMA1_Channel3_IRQHandler                 0x080002a3   Thumb Code     0  startup_stm32g491xx.o(.text)
    DMA1_Channel4_IRQHandler                 0x080002a3   Thumb Code     0  startup_stm32g491xx.o(.text)
    DMA1_Channel5_IRQHandler                 0x080002a3   Thumb Code     0  startup_stm32g491xx.o(.text)
    DMA1_Channel6_IRQHandler                 0x080002a3   Thumb Code     0  startup_stm32g491xx.o(.text)
    DMA1_Channel7_IRQHandler                 0x080002a3   Thumb Code     0  startup_stm32g491xx.o(.text)
    DMA1_Channel8_IRQHandler                 0x080002a3   Thumb Code     0  startup_stm32g491xx.o(.text)
    DMA2_Channel1_IRQHandler                 0x080002a3   Thumb Code     0  startup_stm32g491xx.o(.text)
    DMA2_Channel2_IRQHandler                 0x080002a3   Thumb Code     0  startup_stm32g491xx.o(.text)
    DMA2_Channel3_IRQHandler                 0x080002a3   Thumb Code     0  startup_stm32g491xx.o(.text)
    DMA2_Channel4_IRQHandler                 0x080002a3   Thumb Code     0  startup_stm32g491xx.o(.text)
    DMA2_Channel5_IRQHandler                 0x080002a3   Thumb Code     0  startup_stm32g491xx.o(.text)
    DMA2_Channel6_IRQHandler                 0x080002a3   Thumb Code     0  startup_stm32g491xx.o(.text)
    DMA2_Channel7_IRQHandler                 0x080002a3   Thumb Code     0  startup_stm32g491xx.o(.text)
    DMA2_Channel8_IRQHandler                 0x080002a3   Thumb Code     0  startup_stm32g491xx.o(.text)
    DMAMUX_OVR_IRQHandler                    0x080002a3   Thumb Code     0  startup_stm32g491xx.o(.text)
    EXTI0_IRQHandler                         0x080002a3   Thumb Code     0  startup_stm32g491xx.o(.text)
    EXTI15_10_IRQHandler                     0x080002a3   Thumb Code     0  startup_stm32g491xx.o(.text)
    EXTI1_IRQHandler                         0x080002a3   Thumb Code     0  startup_stm32g491xx.o(.text)
    EXTI2_IRQHandler                         0x080002a3   Thumb Code     0  startup_stm32g491xx.o(.text)
    EXTI3_IRQHandler                         0x080002a3   Thumb Code     0  startup_stm32g491xx.o(.text)
    EXTI4_IRQHandler                         0x080002a3   Thumb Code     0  startup_stm32g491xx.o(.text)
    EXTI9_5_IRQHandler                       0x080002a3   Thumb Code     0  startup_stm32g491xx.o(.text)
    FDCAN1_IT0_IRQHandler                    0x080002a3   Thumb Code     0  startup_stm32g491xx.o(.text)
    FDCAN1_IT1_IRQHandler                    0x080002a3   Thumb Code     0  startup_stm32g491xx.o(.text)
    FDCAN2_IT0_IRQHandler                    0x080002a3   Thumb Code     0  startup_stm32g491xx.o(.text)
    FDCAN2_IT1_IRQHandler                    0x080002a3   Thumb Code     0  startup_stm32g491xx.o(.text)
    FLASH_IRQHandler                         0x080002a3   Thumb Code     0  startup_stm32g491xx.o(.text)
    FMAC_IRQHandler                          0x080002a3   Thumb Code     0  startup_stm32g491xx.o(.text)
    FPU_IRQHandler                           0x080002a3   Thumb Code     0  startup_stm32g491xx.o(.text)
    I2C1_ER_IRQHandler                       0x080002a3   Thumb Code     0  startup_stm32g491xx.o(.text)
    I2C1_EV_IRQHandler                       0x080002a3   Thumb Code     0  startup_stm32g491xx.o(.text)
    I2C2_ER_IRQHandler                       0x080002a3   Thumb Code     0  startup_stm32g491xx.o(.text)
    I2C2_EV_IRQHandler                       0x080002a3   Thumb Code     0  startup_stm32g491xx.o(.text)
    I2C3_ER_IRQHandler                       0x080002a3   Thumb Code     0  startup_stm32g491xx.o(.text)
    I2C3_EV_IRQHandler                       0x080002a3   Thumb Code     0  startup_stm32g491xx.o(.text)
    LPTIM1_IRQHandler                        0x080002a3   Thumb Code     0  startup_stm32g491xx.o(.text)
    LPUART1_IRQHandler                       0x080002a3   Thumb Code     0  startup_stm32g491xx.o(.text)
    PVD_PVM_IRQHandler                       0x080002a3   Thumb Code     0  startup_stm32g491xx.o(.text)
    QUADSPI_IRQHandler                       0x080002a3   Thumb Code     0  startup_stm32g491xx.o(.text)
    RCC_IRQHandler                           0x080002a3   Thumb Code     0  startup_stm32g491xx.o(.text)
    RNG_IRQHandler                           0x080002a3   Thumb Code     0  startup_stm32g491xx.o(.text)
    RTC_Alarm_IRQHandler                     0x080002a3   Thumb Code     0  startup_stm32g491xx.o(.text)
    RTC_TAMP_LSECSS_IRQHandler               0x080002a3   Thumb Code     0  startup_stm32g491xx.o(.text)
    RTC_WKUP_IRQHandler                      0x080002a3   Thumb Code     0  startup_stm32g491xx.o(.text)
    SAI1_IRQHandler                          0x080002a3   Thumb Code     0  startup_stm32g491xx.o(.text)
    SPI1_IRQHandler                          0x080002a3   Thumb Code     0  startup_stm32g491xx.o(.text)
    SPI2_IRQHandler                          0x080002a3   Thumb Code     0  startup_stm32g491xx.o(.text)
    SPI3_IRQHandler                          0x080002a3   Thumb Code     0  startup_stm32g491xx.o(.text)
    TIM1_BRK_TIM15_IRQHandler                0x080002a3   Thumb Code     0  startup_stm32g491xx.o(.text)
    TIM1_CC_IRQHandler                       0x080002a3   Thumb Code     0  startup_stm32g491xx.o(.text)
    TIM1_TRG_COM_TIM17_IRQHandler            0x080002a3   Thumb Code     0  startup_stm32g491xx.o(.text)
    TIM20_BRK_IRQHandler                     0x080002a3   Thumb Code     0  startup_stm32g491xx.o(.text)
    TIM20_CC_IRQHandler                      0x080002a3   Thumb Code     0  startup_stm32g491xx.o(.text)
    TIM20_TRG_COM_IRQHandler                 0x080002a3   Thumb Code     0  startup_stm32g491xx.o(.text)
    TIM20_UP_IRQHandler                      0x080002a3   Thumb Code     0  startup_stm32g491xx.o(.text)
    TIM2_IRQHandler                          0x080002a3   Thumb Code     0  startup_stm32g491xx.o(.text)
    TIM3_IRQHandler                          0x080002a3   Thumb Code     0  startup_stm32g491xx.o(.text)
    TIM4_IRQHandler                          0x080002a3   Thumb Code     0  startup_stm32g491xx.o(.text)
    TIM6_DAC_IRQHandler                      0x080002a3   Thumb Code     0  startup_stm32g491xx.o(.text)
    TIM7_IRQHandler                          0x080002a3   Thumb Code     0  startup_stm32g491xx.o(.text)
    TIM8_BRK_IRQHandler                      0x080002a3   Thumb Code     0  startup_stm32g491xx.o(.text)
    TIM8_CC_IRQHandler                       0x080002a3   Thumb Code     0  startup_stm32g491xx.o(.text)
    TIM8_TRG_COM_IRQHandler                  0x080002a3   Thumb Code     0  startup_stm32g491xx.o(.text)
    TIM8_UP_IRQHandler                       0x080002a3   Thumb Code     0  startup_stm32g491xx.o(.text)
    UART4_IRQHandler                         0x080002a3   Thumb Code     0  startup_stm32g491xx.o(.text)
    UART5_IRQHandler                         0x080002a3   Thumb Code     0  startup_stm32g491xx.o(.text)
    UCPD1_IRQHandler                         0x080002a3   Thumb Code     0  startup_stm32g491xx.o(.text)
    USBWakeUp_IRQHandler                     0x080002a3   Thumb Code     0  startup_stm32g491xx.o(.text)
    USB_HP_IRQHandler                        0x080002a3   Thumb Code     0  startup_stm32g491xx.o(.text)
    USB_LP_IRQHandler                        0x080002a3   Thumb Code     0  startup_stm32g491xx.o(.text)
    WWDG_IRQHandler                          0x080002a3   Thumb Code     0  startup_stm32g491xx.o(.text)
    __user_initial_stackheap                 0x080002a5   Thumb Code     0  startup_stm32g491xx.o(.text)
    __use_no_semihosting                     0x080002c9   Thumb Code     2  use_no_semi_2.o(.text)
    __aeabi_uldivmod                         0x080002cb   Thumb Code     0  lludivv7m.o(.text)
    _ll_udiv                                 0x080002cb   Thumb Code   238  lludivv7m.o(.text)
    strtol                                   0x080003b9   Thumb Code   112  strtol.o(.text)
    strstr                                   0x08000429   Thumb Code    36  strstr.o(.text)
    __aeabi_memclr                           0x0800044d   Thumb Code     0  rt_memclr.o(.text)
    __rt_memclr                              0x0800044d   Thumb Code    68  rt_memclr.o(.text)
    _memset                                  0x08000451   Thumb Code     0  rt_memclr.o(.text)
    __aeabi_memclr4                          0x08000491   Thumb Code     0  rt_memclr_w.o(.text)
    __aeabi_memclr8                          0x08000491   Thumb Code     0  rt_memclr_w.o(.text)
    __rt_memclr_w                            0x08000491   Thumb Code    78  rt_memclr_w.o(.text)
    _memset_w                                0x08000495   Thumb Code     0  rt_memclr_w.o(.text)
    __use_two_region_memory                  0x080004df   Thumb Code     2  heapauxi.o(.text)
    __rt_heap_escrow                         0x080004e1   Thumb Code     2  heapauxi.o(.text)
    __rt_heap_expand                         0x080004e3   Thumb Code     2  heapauxi.o(.text)
    __I$use$semihosting                      0x080004e5   Thumb Code     0  use_no_semi.o(.text)
    __use_no_semihosting_swi                 0x080004e5   Thumb Code     2  use_no_semi.o(.text)
    __rt_ctype_table                         0x080004e9   Thumb Code    16  rt_ctype_table.o(.text)
    __aeabi_errno_addr                       0x080004f9   Thumb Code     8  rt_errno_addr_intlibspace.o(.text)
    __errno$intlibspace                      0x080004f9   Thumb Code     0  rt_errno_addr_intlibspace.o(.text)
    __rt_errno_addr$intlibspace              0x080004f9   Thumb Code     0  rt_errno_addr_intlibspace.o(.text)
    _strtoul                                 0x08000501   Thumb Code   158  _strtoul.o(.text)
    __user_libspace                          0x080005a1   Thumb Code     8  libspace.o(.text)
    __user_perproc_libspace                  0x080005a1   Thumb Code     0  libspace.o(.text)
    __user_perthread_libspace                0x080005a1   Thumb Code     0  libspace.o(.text)
    __rt_locale                              0x080005a9   Thumb Code     8  rt_locale_intlibspace.o(.text)
    _chval                                   0x080005b1   Thumb Code    28  _chval.o(.text)
    __user_setup_stackheap                   0x080005cd   Thumb Code    74  sys_stackheap_outer.o(.text)
    exit                                     0x08000617   Thumb Code    18  exit.o(.text)
    strcmp                                   0x08000629   Thumb Code   128  strcmpv7m.o(.text)
    ADC1_2_IRQHandler                        0x080006a9   Thumb Code     6  stm32g4xx_it.o(i.ADC1_2_IRQHandler)
    ADC_Disable                              0x080006b5   Thumb Code   106  stm32g4xx_hal_adc.o(i.ADC_Disable)
    BusFault_Handler                         0x08000725   Thumb Code     2  stm32g4xx_it.o(i.BusFault_Handler)
    DebugMon_Handler                         0x08000727   Thumb Code     2  stm32g4xx_it.o(i.DebugMon_Handler)
    Error_Handler                            0x08000729   Thumb Code     4  main.o(i.Error_Handler)
    HAL_ADCEx_Calibration_Start              0x0800072d   Thumb Code   138  stm32g4xx_hal_adc_ex.o(i.HAL_ADCEx_Calibration_Start)
    HAL_ADCEx_EndOfSamplingCallback          0x080007c1   Thumb Code     2  stm32g4xx_hal_adc_ex.o(i.HAL_ADCEx_EndOfSamplingCallback)
    HAL_ADCEx_InjectedConvCpltCallback       0x080007c3   Thumb Code     2  stm32g4xx_hal_adc_ex.o(i.HAL_ADCEx_InjectedConvCpltCallback)
    HAL_ADCEx_InjectedQueueOverflowCallback  0x080007c5   Thumb Code     2  stm32g4xx_hal_adc_ex.o(i.HAL_ADCEx_InjectedQueueOverflowCallback)
    HAL_ADCEx_LevelOutOfWindow2Callback      0x080007c7   Thumb Code     2  stm32g4xx_hal_adc_ex.o(i.HAL_ADCEx_LevelOutOfWindow2Callback)
    HAL_ADCEx_LevelOutOfWindow3Callback      0x080007c9   Thumb Code     2  stm32g4xx_hal_adc_ex.o(i.HAL_ADCEx_LevelOutOfWindow3Callback)
    HAL_ADCEx_MultiModeConfigChannel         0x080007cd   Thumb Code   272  stm32g4xx_hal_adc_ex.o(i.HAL_ADCEx_MultiModeConfigChannel)
    HAL_ADC_ConfigChannel                    0x080008ed   Thumb Code  1038  stm32g4xx_hal_adc.o(i.HAL_ADC_ConfigChannel)
    HAL_ADC_ConvCpltCallback                 0x08000d35   Thumb Code     2  stm32g4xx_hal_adc.o(i.HAL_ADC_ConvCpltCallback)
    HAL_ADC_ErrorCallback                    0x08000d37   Thumb Code     2  stm32g4xx_hal_adc.o(i.HAL_ADC_ErrorCallback)
    HAL_ADC_IRQHandler                       0x08000d39   Thumb Code   640  stm32g4xx_hal_adc.o(i.HAL_ADC_IRQHandler)
    HAL_ADC_Init                             0x08000fc5   Thumb Code   496  stm32g4xx_hal_adc.o(i.HAL_ADC_Init)
    HAL_ADC_LevelOutOfWindowCallback         0x080011dd   Thumb Code     2  stm32g4xx_hal_adc.o(i.HAL_ADC_LevelOutOfWindowCallback)
    HAL_ADC_MspInit                          0x080011e1   Thumb Code   128  adc.o(i.HAL_ADC_MspInit)
    HAL_DMA_Abort                            0x08001265   Thumb Code   106  stm32g4xx_hal_dma.o(i.HAL_DMA_Abort)
    HAL_DMA_Abort_IT                         0x080012cf   Thumb Code   120  stm32g4xx_hal_dma.o(i.HAL_DMA_Abort_IT)
    HAL_GPIO_Init                            0x08001349   Thumb Code   550  stm32g4xx_hal_gpio.o(i.HAL_GPIO_Init)
    HAL_GPIO_WritePin                        0x08001591   Thumb Code    10  stm32g4xx_hal_gpio.o(i.HAL_GPIO_WritePin)
    HAL_GetTick                              0x0800159d   Thumb Code     6  stm32g4xx_hal.o(i.HAL_GetTick)
    HAL_I2CEx_ConfigAnalogFilter             0x080015a9   Thumb Code    86  stm32g4xx_hal_i2c_ex.o(i.HAL_I2CEx_ConfigAnalogFilter)
    HAL_I2CEx_ConfigDigitalFilter            0x080015ff   Thumb Code    82  stm32g4xx_hal_i2c_ex.o(i.HAL_I2CEx_ConfigDigitalFilter)
    HAL_I2C_Init                             0x08001651   Thumb Code   184  stm32g4xx_hal_i2c.o(i.HAL_I2C_Init)
    HAL_I2C_MspInit                          0x0800170d   Thumb Code   150  i2c.o(i.HAL_I2C_MspInit)
    HAL_IncTick                              0x080017b1   Thumb Code    12  stm32g4xx_hal.o(i.HAL_IncTick)
    HAL_Init                                 0x080017c1   Thumb Code    30  stm32g4xx_hal.o(i.HAL_Init)
    HAL_InitTick                             0x080017e1   Thumb Code    58  stm32g4xx_hal.o(i.HAL_InitTick)
    HAL_MspInit                              0x08001825   Thumb Code    42  stm32g4xx_hal_msp.o(i.HAL_MspInit)
    HAL_NVIC_EnableIRQ                       0x08001855   Thumb Code    26  stm32g4xx_hal_cortex.o(i.HAL_NVIC_EnableIRQ)
    HAL_NVIC_SetPriority                     0x08001871   Thumb Code    60  stm32g4xx_hal_cortex.o(i.HAL_NVIC_SetPriority)
    HAL_NVIC_SetPriorityGrouping             0x080018b1   Thumb Code    26  stm32g4xx_hal_cortex.o(i.HAL_NVIC_SetPriorityGrouping)
    HAL_PWREx_ControlVoltageScaling          0x080018d5   Thumb Code   174  stm32g4xx_hal_pwr_ex.o(i.HAL_PWREx_ControlVoltageScaling)
    HAL_PWREx_DisableUCPDDeadBattery         0x08001991   Thumb Code    12  stm32g4xx_hal_pwr_ex.o(i.HAL_PWREx_DisableUCPDDeadBattery)
    HAL_RCCEx_PeriphCLKConfig                0x080019a1   Thumb Code   736  stm32g4xx_hal_rcc_ex.o(i.HAL_RCCEx_PeriphCLKConfig)
    HAL_RCC_ClockConfig                      0x08001c89   Thumb Code   444  stm32g4xx_hal_rcc.o(i.HAL_RCC_ClockConfig)
    HAL_RCC_GetPCLK1Freq                     0x08001e65   Thumb Code    24  stm32g4xx_hal_rcc.o(i.HAL_RCC_GetPCLK1Freq)
    HAL_RCC_GetPCLK2Freq                     0x08001e89   Thumb Code    24  stm32g4xx_hal_rcc.o(i.HAL_RCC_GetPCLK2Freq)
    HAL_RCC_GetSysClockFreq                  0x08001ead   Thumb Code    98  stm32g4xx_hal_rcc.o(i.HAL_RCC_GetSysClockFreq)
    HAL_RCC_OscConfig                        0x08001f19   Thumb Code  1028  stm32g4xx_hal_rcc.o(i.HAL_RCC_OscConfig)
    HAL_SYSTICK_Config                       0x0800231d   Thumb Code    40  stm32g4xx_hal_cortex.o(i.HAL_SYSTICK_Config)
    HAL_TIMEx_Break2Callback                 0x08002345   Thumb Code     2  stm32g4xx_hal_tim_ex.o(i.HAL_TIMEx_Break2Callback)
    HAL_TIMEx_BreakCallback                  0x08002347   Thumb Code     2  stm32g4xx_hal_tim_ex.o(i.HAL_TIMEx_BreakCallback)
    HAL_TIMEx_CommutCallback                 0x08002349   Thumb Code     2  stm32g4xx_hal_tim_ex.o(i.HAL_TIMEx_CommutCallback)
    HAL_TIMEx_DirectionChangeCallback        0x0800234b   Thumb Code     2  stm32g4xx_hal_tim_ex.o(i.HAL_TIMEx_DirectionChangeCallback)
    HAL_TIMEx_EncoderIndexCallback           0x0800234d   Thumb Code     2  stm32g4xx_hal_tim_ex.o(i.HAL_TIMEx_EncoderIndexCallback)
    HAL_TIMEx_IndexErrorCallback             0x0800234f   Thumb Code     2  stm32g4xx_hal_tim_ex.o(i.HAL_TIMEx_IndexErrorCallback)
    HAL_TIMEx_MasterConfigSynchronization    0x08002351   Thumb Code   144  stm32g4xx_hal_tim_ex.o(i.HAL_TIMEx_MasterConfigSynchronization)
    HAL_TIMEx_TransitionErrorCallback        0x080023fd   Thumb Code     2  stm32g4xx_hal_tim_ex.o(i.HAL_TIMEx_TransitionErrorCallback)
    HAL_TIM_Base_Init                        0x080023ff   Thumb Code    98  stm32g4xx_hal_tim.o(i.HAL_TIM_Base_Init)
    HAL_TIM_Base_MspInit                     0x08002461   Thumb Code    50  tim.o(i.HAL_TIM_Base_MspInit)
    HAL_TIM_Base_Start_IT                    0x0800249d   Thumb Code   100  stm32g4xx_hal_tim.o(i.HAL_TIM_Base_Start_IT)
    HAL_TIM_ConfigClockSource                0x0800251d   Thumb Code   250  stm32g4xx_hal_tim.o(i.HAL_TIM_ConfigClockSource)
    HAL_TIM_IC_CaptureCallback               0x08002621   Thumb Code     2  stm32g4xx_hal_tim.o(i.HAL_TIM_IC_CaptureCallback)
    HAL_TIM_IRQHandler                       0x08002623   Thumb Code   418  stm32g4xx_hal_tim.o(i.HAL_TIM_IRQHandler)
    HAL_TIM_OC_DelayElapsedCallback          0x080027c5   Thumb Code     2  stm32g4xx_hal_tim.o(i.HAL_TIM_OC_DelayElapsedCallback)
    HAL_TIM_PWM_PulseFinishedCallback        0x080027c7   Thumb Code     2  stm32g4xx_hal_tim.o(i.HAL_TIM_PWM_PulseFinishedCallback)
    HAL_TIM_PeriodElapsedCallback            0x080027c9   Thumb Code    32  main.o(i.HAL_TIM_PeriodElapsedCallback)
    HAL_TIM_TriggerCallback                  0x080027f1   Thumb Code     2  stm32g4xx_hal_tim.o(i.HAL_TIM_TriggerCallback)
    HAL_UARTEx_DisableFifoMode               0x080027f3   Thumb Code    62  stm32g4xx_hal_uart_ex.o(i.HAL_UARTEx_DisableFifoMode)
    HAL_UARTEx_RxEventCallback               0x08002831   Thumb Code     2  stm32g4xx_hal_uart.o(i.HAL_UARTEx_RxEventCallback)
    HAL_UARTEx_RxFifoFullCallback            0x08002833   Thumb Code     2  stm32g4xx_hal_uart_ex.o(i.HAL_UARTEx_RxFifoFullCallback)
    HAL_UARTEx_SetRxFifoThreshold            0x08002835   Thumb Code    76  stm32g4xx_hal_uart_ex.o(i.HAL_UARTEx_SetRxFifoThreshold)
    HAL_UARTEx_SetTxFifoThreshold            0x08002881   Thumb Code    76  stm32g4xx_hal_uart_ex.o(i.HAL_UARTEx_SetTxFifoThreshold)
    HAL_UARTEx_TxFifoEmptyCallback           0x080028cd   Thumb Code     2  stm32g4xx_hal_uart_ex.o(i.HAL_UARTEx_TxFifoEmptyCallback)
    HAL_UARTEx_WakeupCallback                0x080028cf   Thumb Code     2  stm32g4xx_hal_uart_ex.o(i.HAL_UARTEx_WakeupCallback)
    HAL_UART_ErrorCallback                   0x080028d1   Thumb Code     2  stm32g4xx_hal_uart.o(i.HAL_UART_ErrorCallback)
    HAL_UART_IRQHandler                      0x080028d5   Thumb Code   766  stm32g4xx_hal_uart.o(i.HAL_UART_IRQHandler)
    HAL_UART_Init                            0x08002be1   Thumb Code   106  stm32g4xx_hal_uart.o(i.HAL_UART_Init)
    HAL_UART_MspInit                         0x08002c4d   Thumb Code   310  usart.o(i.HAL_UART_MspInit)
    HAL_UART_Receive_IT                      0x08002d9d   Thumb Code    66  stm32g4xx_hal_uart.o(i.HAL_UART_Receive_IT)
    HAL_UART_RxCpltCallback                  0x08002de5   Thumb Code   182  main.o(i.HAL_UART_RxCpltCallback)
    HAL_UART_Transmit                        0x08002ed1   Thumb Code   174  stm32g4xx_hal_uart.o(i.HAL_UART_Transmit)
    HAL_UART_TxCpltCallback                  0x08002f7f   Thumb Code     2  stm32g4xx_hal_uart.o(i.HAL_UART_TxCpltCallback)
    HardFault_Handler                        0x08002f81   Thumb Code     2  stm32g4xx_it.o(i.HardFault_Handler)
    MX_ADC1_Init                             0x08002fe5   Thumb Code   136  adc.o(i.MX_ADC1_Init)
    MX_GPIO_Init                             0x08003075   Thumb Code   186  gpio.o(i.MX_GPIO_Init)
    MX_I2C1_Init                             0x0800313d   Thumb Code    76  i2c.o(i.MX_I2C1_Init)
    MX_TIM1_Init                             0x08003195   Thumb Code   104  tim.o(i.MX_TIM1_Init)
    MX_USART1_UART_Init                      0x08003205   Thumb Code    94  usart.o(i.MX_USART1_UART_Init)
    MX_USART2_UART_Init                      0x0800326d   Thumb Code    94  usart.o(i.MX_USART2_UART_Init)
    MX_USART3_UART_Init                      0x080032d5   Thumb Code    94  usart.o(i.MX_USART3_UART_Init)
    MemManage_Handler                        0x0800333d   Thumb Code     2  stm32g4xx_it.o(i.MemManage_Handler)
    NMI_Handler                              0x0800333f   Thumb Code     2  stm32g4xx_it.o(i.NMI_Handler)
    PendSV_Handler                           0x08003341   Thumb Code     2  stm32g4xx_it.o(i.PendSV_Handler)
    SVC_Handler                              0x08003343   Thumb Code     2  stm32g4xx_it.o(i.SVC_Handler)
    SysTick_Handler                          0x08003345   Thumb Code     4  stm32g4xx_it.o(i.SysTick_Handler)
    SystemClock_Config                       0x08003349   Thumb Code   104  main.o(i.SystemClock_Config)
    SystemInit                               0x080033b1   Thumb Code    12  system_stm32g4xx.o(i.SystemInit)
    TIM1_UP_TIM16_IRQHandler                 0x080033c1   Thumb Code     6  stm32g4xx_it.o(i.TIM1_UP_TIM16_IRQHandler)
    TIM_Base_SetConfig                       0x080033cd   Thumb Code   178  stm32g4xx_hal_tim.o(i.TIM_Base_SetConfig)
    TIM_ETR_SetConfig                        0x080034a1   Thumb Code    20  stm32g4xx_hal_tim.o(i.TIM_ETR_SetConfig)
    UART_AdvFeatureConfig                    0x08003555   Thumb Code   200  stm32g4xx_hal_uart.o(i.UART_AdvFeatureConfig)
    UART_CheckIdleState                      0x0800361d   Thumb Code   172  stm32g4xx_hal_uart.o(i.UART_CheckIdleState)
    UART_SetConfig                           0x08003c01   Thumb Code   614  stm32g4xx_hal_uart.o(i.UART_SetConfig)
    UART_Start_Receive_IT                    0x08003e99   Thumb Code   256  stm32g4xx_hal_uart.o(i.UART_Start_Receive_IT)
    UART_WaitOnFlagUntilTimeout              0x08003fa9   Thumb Code   148  stm32g4xx_hal_uart.o(i.UART_WaitOnFlagUntilTimeout)
    USART1_IRQHandler                        0x0800403d   Thumb Code     6  stm32g4xx_it.o(i.USART1_IRQHandler)
    USART2_IRQHandler                        0x08004049   Thumb Code     6  stm32g4xx_it.o(i.USART2_IRQHandler)
    USART3_IRQHandler                        0x08004055   Thumb Code     6  stm32g4xx_it.o(i.USART3_IRQHandler)
    UsageFault_Handler                       0x08004061   Thumb Code     2  stm32g4xx_it.o(i.UsageFault_Handler)
    _sys_exit                                0x08004083   Thumb Code     2  usart.o(i._sys_exit)
    main                                     0x08004085   Thumb Code    86  main.o(i.main)
    _get_lc_ctype                            0x080040f5   Thumb Code    44  lc_ctype_c.o(locale$$code)
    _fp_init                                 0x08004121   Thumb Code    10  fpinit.o(x$fpl$fpinit)
    __fplib_config_fpu_vfp                   0x08004129   Thumb Code     0  fpinit.o(x$fpl$fpinit)
    __fplib_config_pureend_doubles           0x08004129   Thumb Code     0  fpinit.o(x$fpl$fpinit)
    UARTPrescTable                           0x0800412a   Data          24  stm32g4xx_hal_uart.o(.constdata)
    AHBPrescTable                            0x08004152   Data          16  system_stm32g4xx.o(.constdata)
    APBPrescTable                            0x08004162   Data           8  system_stm32g4xx.o(.constdata)
    Region$$Table$$Base                      0x0800416c   Number         0  anon$$obj.o(Region$$Table)
    Region$$Table$$Limit                     0x0800418c   Number         0  anon$$obj.o(Region$$Table)
    __ctype                                  0x08004199   Data           0  lc_ctype_c.o(locale$$data)
    Uart1_Rx_Cnt                             0x20000000   Data           1  main.o(.data)
    Uart3_Rx_Cnt                             0x20000001   Data           1  main.o(.data)
    aRxBuffer1                               0x20000002   Data           1  main.o(.data)
    aRxBuffer2                               0x20000003   Data           1  main.o(.data)
    aRxBuffer3                               0x20000004   Data           1  main.o(.data)
    time1_num                                0x20000006   Data           2  main.o(.data)
    LED                                      0x20000008   Data           4  main.o(.data)
    uwTickPrio                               0x2000000c   Data           4  stm32g4xx_hal.o(.data)
    uwTickFreq                               0x20000010   Data           4  stm32g4xx_hal.o(.data)
    uwTick                                   0x20000014   Data           4  stm32g4xx_hal.o(.data)
    SystemCoreClock                          0x20000018   Data           4  system_stm32g4xx.o(.data)
    RxBuffer1                                0x2000001c   Data        4096  main.o(.bss)
    RxBuffer3                                0x2000101c   Data        4096  main.o(.bss)
    hadc1                                    0x2000201c   Data         108  adc.o(.bss)
    hi2c1                                    0x20002088   Data          84  i2c.o(.bss)
    htim1                                    0x200020dc   Data          76  tim.o(.bss)
    huart1                                   0x20002128   Data         148  usart.o(.bss)
    huart2                                   0x200021bc   Data         148  usart.o(.bss)
    huart3                                   0x20002250   Data         148  usart.o(.bss)
    __libspace_start                         0x200022e4   Data          96  libspace.o(.bss)
    __temporary_stack_top$libspace           0x20002344   Data           0  libspace.o(.bss)



==============================================================================

Memory Map of the image

  Image Entry point : 0x080001d9

  Load Region LR_IROM1 (Base: 0x08000000, Size: 0x000042b8, Max: 0x00080000, ABSOLUTE)

    Execution Region ER_IROM1 (Exec base: 0x08000000, Load base: 0x08000000, Size: 0x0000429c, Max: 0x00080000, ABSOLUTE)

    Exec Addr    Load Addr    Size         Type   Attr      Idx    E Section Name        Object

    0x08000000   0x08000000   0x000001d8   Data   RO            3    RESET               startup_stm32g491xx.o
    0x080001d8   0x080001d8   0x00000008   Code   RO         5582  * !!!main             c_w.l(__main.o)
    0x080001e0   0x080001e0   0x00000034   Code   RO         6027    !!!scatter          c_w.l(__scatter.o)
    0x08000214   0x08000214   0x0000001a   Code   RO         6029    !!handler_copy      c_w.l(__scatter_copy.o)
    0x0800022e   0x0800022e   0x00000002   PAD
    0x08000230   0x08000230   0x0000001c   Code   RO         6031    !!handler_zi        c_w.l(__scatter_zi.o)
    0x0800024c   0x0800024c   0x00000002   Code   RO         5962    .ARM.Collect$$libinit$$00000000  c_w.l(libinit.o)
    0x0800024e   0x0800024e   0x00000004   Code   RO         5733    .ARM.Collect$$libinit$$00000001  c_w.l(libinit2.o)
    0x08000252   0x08000252   0x00000000   Code   RO         5736    .ARM.Collect$$libinit$$00000004  c_w.l(libinit2.o)
    0x08000252   0x08000252   0x00000000   Code   RO         5739    .ARM.Collect$$libinit$$0000000A  c_w.l(libinit2.o)
    0x08000252   0x08000252   0x00000000   Code   RO         5741    .ARM.Collect$$libinit$$0000000C  c_w.l(libinit2.o)
    0x08000252   0x08000252   0x00000000   Code   RO         5743    .ARM.Collect$$libinit$$0000000E  c_w.l(libinit2.o)
    0x08000252   0x08000252   0x00000006   Code   RO         5744    .ARM.Collect$$libinit$$0000000F  c_w.l(libinit2.o)
    0x08000258   0x08000258   0x00000000   Code   RO         5746    .ARM.Collect$$libinit$$00000011  c_w.l(libinit2.o)
    0x08000258   0x08000258   0x0000000c   Code   RO         5747    .ARM.Collect$$libinit$$00000012  c_w.l(libinit2.o)
    0x08000264   0x08000264   0x00000000   Code   RO         5748    .ARM.Collect$$libinit$$00000013  c_w.l(libinit2.o)
    0x08000264   0x08000264   0x00000000   Code   RO         5750    .ARM.Collect$$libinit$$00000015  c_w.l(libinit2.o)
    0x08000264   0x08000264   0x00000000   Code   RO         5752    .ARM.Collect$$libinit$$00000017  c_w.l(libinit2.o)
    0x08000264   0x08000264   0x00000000   Code   RO         5754    .ARM.Collect$$libinit$$00000019  c_w.l(libinit2.o)
    0x08000264   0x08000264   0x00000000   Code   RO         5756    .ARM.Collect$$libinit$$0000001B  c_w.l(libinit2.o)
    0x08000264   0x08000264   0x00000000   Code   RO         5758    .ARM.Collect$$libinit$$0000001D  c_w.l(libinit2.o)
    0x08000264   0x08000264   0x00000000   Code   RO         5760    .ARM.Collect$$libinit$$0000001F  c_w.l(libinit2.o)
    0x08000264   0x08000264   0x00000000   Code   RO         5762    .ARM.Collect$$libinit$$00000021  c_w.l(libinit2.o)
    0x08000264   0x08000264   0x00000000   Code   RO         5764    .ARM.Collect$$libinit$$00000023  c_w.l(libinit2.o)
    0x08000264   0x08000264   0x00000000   Code   RO         5766    .ARM.Collect$$libinit$$00000025  c_w.l(libinit2.o)
    0x08000264   0x08000264   0x00000000   Code   RO         5770    .ARM.Collect$$libinit$$0000002C  c_w.l(libinit2.o)
    0x08000264   0x08000264   0x00000000   Code   RO         5772    .ARM.Collect$$libinit$$0000002E  c_w.l(libinit2.o)
    0x08000264   0x08000264   0x00000000   Code   RO         5774    .ARM.Collect$$libinit$$00000030  c_w.l(libinit2.o)
    0x08000264   0x08000264   0x00000000   Code   RO         5776    .ARM.Collect$$libinit$$00000032  c_w.l(libinit2.o)
    0x08000264   0x08000264   0x00000002   Code   RO         5777    .ARM.Collect$$libinit$$00000033  c_w.l(libinit2.o)
    0x08000266   0x08000266   0x00000002   Code   RO         6024    .ARM.Collect$$libshutdown$$00000000  c_w.l(libshutdown.o)
    0x08000268   0x08000268   0x00000000   Code   RO         5978    .ARM.Collect$$libshutdown$$00000002  c_w.l(libshutdown2.o)
    0x08000268   0x08000268   0x00000000   Code   RO         5980    .ARM.Collect$$libshutdown$$00000004  c_w.l(libshutdown2.o)
    0x08000268   0x08000268   0x00000000   Code   RO         5982    .ARM.Collect$$libshutdown$$00000006  c_w.l(libshutdown2.o)
    0x08000268   0x08000268   0x00000000   Code   RO         5985    .ARM.Collect$$libshutdown$$00000009  c_w.l(libshutdown2.o)
    0x08000268   0x08000268   0x00000000   Code   RO         5988    .ARM.Collect$$libshutdown$$0000000C  c_w.l(libshutdown2.o)
    0x08000268   0x08000268   0x00000000   Code   RO         5990    .ARM.Collect$$libshutdown$$0000000E  c_w.l(libshutdown2.o)
    0x08000268   0x08000268   0x00000000   Code   RO         5993    .ARM.Collect$$libshutdown$$00000011  c_w.l(libshutdown2.o)
    0x08000268   0x08000268   0x00000002   Code   RO         5994    .ARM.Collect$$libshutdown$$00000012  c_w.l(libshutdown2.o)
    0x0800026a   0x0800026a   0x00000000   Code   RO         5644    .ARM.Collect$$rtentry$$00000000  c_w.l(__rtentry.o)
    0x0800026a   0x0800026a   0x00000000   Code   RO         5840    .ARM.Collect$$rtentry$$00000002  c_w.l(__rtentry2.o)
    0x0800026a   0x0800026a   0x00000006   Code   RO         5852    .ARM.Collect$$rtentry$$00000004  c_w.l(__rtentry4.o)
    0x08000270   0x08000270   0x00000000   Code   RO         5842    .ARM.Collect$$rtentry$$00000009  c_w.l(__rtentry2.o)
    0x08000270   0x08000270   0x00000004   Code   RO         5843    .ARM.Collect$$rtentry$$0000000A  c_w.l(__rtentry2.o)
    0x08000274   0x08000274   0x00000000   Code   RO         5845    .ARM.Collect$$rtentry$$0000000C  c_w.l(__rtentry2.o)
    0x08000274   0x08000274   0x00000008   Code   RO         5846    .ARM.Collect$$rtentry$$0000000D  c_w.l(__rtentry2.o)
    0x0800027c   0x0800027c   0x00000002   Code   RO         5965    .ARM.Collect$$rtexit$$00000000  c_w.l(rtexit.o)
    0x0800027e   0x0800027e   0x00000000   Code   RO         6000    .ARM.Collect$$rtexit$$00000002  c_w.l(rtexit2.o)
    0x0800027e   0x0800027e   0x00000004   Code   RO         6001    .ARM.Collect$$rtexit$$00000003  c_w.l(rtexit2.o)
    0x08000282   0x08000282   0x00000006   Code   RO         6002    .ARM.Collect$$rtexit$$00000004  c_w.l(rtexit2.o)
    0x08000288   0x08000288   0x00000040   Code   RO            4    .text               startup_stm32g491xx.o
    0x080002c8   0x080002c8   0x00000002   Code   RO         5434    .text               c_w.l(use_no_semi_2.o)
    0x080002ca   0x080002ca   0x000000ee   Code   RO         5498    .text               c_w.l(lludivv7m.o)
    0x080003b8   0x080003b8   0x00000070   Code   RO         5560    .text               c_w.l(strtol.o)
    0x08000428   0x08000428   0x00000024   Code   RO         5564    .text               c_w.l(strstr.o)
    0x0800044c   0x0800044c   0x00000044   Code   RO         5576    .text               c_w.l(rt_memclr.o)
    0x08000490   0x08000490   0x0000004e   Code   RO         5578    .text               c_w.l(rt_memclr_w.o)
    0x080004de   0x080004de   0x00000006   Code   RO         5580    .text               c_w.l(heapauxi.o)
    0x080004e4   0x080004e4   0x00000002   Code   RO         5640    .text               c_w.l(use_no_semi.o)
    0x080004e6   0x080004e6   0x00000002   PAD
    0x080004e8   0x080004e8   0x00000010   Code   RO         5645    .text               c_w.l(rt_ctype_table.o)
    0x080004f8   0x080004f8   0x00000008   Code   RO         5659    .text               c_w.l(rt_errno_addr_intlibspace.o)
    0x08000500   0x08000500   0x0000009e   Code   RO         5729    .text               c_w.l(_strtoul.o)
    0x0800059e   0x0800059e   0x00000002   PAD
    0x080005a0   0x080005a0   0x00000008   Code   RO         5836    .text               c_w.l(libspace.o)
    0x080005a8   0x080005a8   0x00000008   Code   RO         5859    .text               c_w.l(rt_locale_intlibspace.o)
    0x080005b0   0x080005b0   0x0000001c   Code   RO         5882    .text               c_w.l(_chval.o)
    0x080005cc   0x080005cc   0x0000004a   Code   RO         5935    .text               c_w.l(sys_stackheap_outer.o)
    0x08000616   0x08000616   0x00000012   Code   RO         5941    .text               c_w.l(exit.o)
    0x08000628   0x08000628   0x00000080   Code   RO         5951    .text               c_w.l(strcmpv7m.o)
    0x080006a8   0x080006a8   0x0000000c   Code   RO          480    i.ADC1_2_IRQHandler  stm32g4xx_it.o
    0x080006b4   0x080006b4   0x00000070   Code   RO          614    i.ADC_Disable       stm32g4xx_hal_adc.o
    0x08000724   0x08000724   0x00000002   Code   RO          481    i.BusFault_Handler  stm32g4xx_it.o
    0x08000726   0x08000726   0x00000002   Code   RO          482    i.DebugMon_Handler  stm32g4xx_it.o
    0x08000728   0x08000728   0x00000004   Code   RO           13    i.Error_Handler     main.o
    0x0800072c   0x0800072c   0x00000094   Code   RO          848    i.HAL_ADCEx_Calibration_Start  stm32g4xx_hal_adc_ex.o
    0x080007c0   0x080007c0   0x00000002   Code   RO          852    i.HAL_ADCEx_EndOfSamplingCallback  stm32g4xx_hal_adc_ex.o
    0x080007c2   0x080007c2   0x00000002   Code   RO          855    i.HAL_ADCEx_InjectedConvCpltCallback  stm32g4xx_hal_adc_ex.o
    0x080007c4   0x080007c4   0x00000002   Code   RO          858    i.HAL_ADCEx_InjectedQueueOverflowCallback  stm32g4xx_hal_adc_ex.o
    0x080007c6   0x080007c6   0x00000002   Code   RO          863    i.HAL_ADCEx_LevelOutOfWindow2Callback  stm32g4xx_hal_adc_ex.o
    0x080007c8   0x080007c8   0x00000002   Code   RO          864    i.HAL_ADCEx_LevelOutOfWindow3Callback  stm32g4xx_hal_adc_ex.o
    0x080007ca   0x080007ca   0x00000002   PAD
    0x080007cc   0x080007cc   0x00000120   Code   RO          865    i.HAL_ADCEx_MultiModeConfigChannel  stm32g4xx_hal_adc_ex.o
    0x080008ec   0x080008ec   0x00000448   Code   RO          617    i.HAL_ADC_ConfigChannel  stm32g4xx_hal_adc.o
    0x08000d34   0x08000d34   0x00000002   Code   RO          618    i.HAL_ADC_ConvCpltCallback  stm32g4xx_hal_adc.o
    0x08000d36   0x08000d36   0x00000002   Code   RO          621    i.HAL_ADC_ErrorCallback  stm32g4xx_hal_adc.o
    0x08000d38   0x08000d38   0x0000028c   Code   RO          625    i.HAL_ADC_IRQHandler  stm32g4xx_hal_adc.o
    0x08000fc4   0x08000fc4   0x00000218   Code   RO          626    i.HAL_ADC_Init      stm32g4xx_hal_adc.o
    0x080011dc   0x080011dc   0x00000002   Code   RO          627    i.HAL_ADC_LevelOutOfWindowCallback  stm32g4xx_hal_adc.o
    0x080011de   0x080011de   0x00000002   PAD
    0x080011e0   0x080011e0   0x00000084   Code   RO          269    i.HAL_ADC_MspInit   adc.o
    0x08001264   0x08001264   0x0000006a   Code   RO         1911    i.HAL_DMA_Abort     stm32g4xx_hal_dma.o
    0x080012ce   0x080012ce   0x00000078   Code   RO         1912    i.HAL_DMA_Abort_IT  stm32g4xx_hal_dma.o
    0x08001346   0x08001346   0x00000002   PAD
    0x08001348   0x08001348   0x00000248   Code   RO         1773    i.HAL_GPIO_Init     stm32g4xx_hal_gpio.o
    0x08001590   0x08001590   0x0000000a   Code   RO         1777    i.HAL_GPIO_WritePin  stm32g4xx_hal_gpio.o
    0x0800159a   0x0800159a   0x00000002   PAD
    0x0800159c   0x0800159c   0x0000000c   Code   RO         1068    i.HAL_GetTick       stm32g4xx_hal.o
    0x080015a8   0x080015a8   0x00000056   Code   RO         3022    i.HAL_I2CEx_ConfigAnalogFilter  stm32g4xx_hal_i2c_ex.o
    0x080015fe   0x080015fe   0x00000052   Code   RO         3023    i.HAL_I2CEx_ConfigDigitalFilter  stm32g4xx_hal_i2c_ex.o
    0x08001650   0x08001650   0x000000bc   Code   RO         2561    i.HAL_I2C_Init      stm32g4xx_hal_i2c.o
    0x0800170c   0x0800170c   0x000000a4   Code   RO          311    i.HAL_I2C_MspInit   i2c.o
    0x080017b0   0x080017b0   0x00000010   Code   RO         1074    i.HAL_IncTick       stm32g4xx_hal.o
    0x080017c0   0x080017c0   0x0000001e   Code   RO         1075    i.HAL_Init          stm32g4xx_hal.o
    0x080017de   0x080017de   0x00000002   PAD
    0x080017e0   0x080017e0   0x00000044   Code   RO         1076    i.HAL_InitTick      stm32g4xx_hal.o
    0x08001824   0x08001824   0x00000030   Code   RO          586    i.HAL_MspInit       stm32g4xx_hal_msp.o
    0x08001854   0x08001854   0x0000001a   Code   RO         2420    i.HAL_NVIC_EnableIRQ  stm32g4xx_hal_cortex.o
    0x0800186e   0x0800186e   0x00000002   PAD
    0x08001870   0x08001870   0x00000040   Code   RO         2426    i.HAL_NVIC_SetPriority  stm32g4xx_hal_cortex.o
    0x080018b0   0x080018b0   0x00000024   Code   RO         2427    i.HAL_NVIC_SetPriorityGrouping  stm32g4xx_hal_cortex.o
    0x080018d4   0x080018d4   0x000000bc   Code   RO         2176    i.HAL_PWREx_ControlVoltageScaling  stm32g4xx_hal_pwr_ex.o
    0x08001990   0x08001990   0x00000010   Code   RO         2188    i.HAL_PWREx_DisableUCPDDeadBattery  stm32g4xx_hal_pwr_ex.o
    0x080019a0   0x080019a0   0x000002e8   Code   RO         1435    i.HAL_RCCEx_PeriphCLKConfig  stm32g4xx_hal_rcc_ex.o
    0x08001c88   0x08001c88   0x000001dc   Code   RO         1310    i.HAL_RCC_ClockConfig  stm32g4xx_hal_rcc.o
    0x08001e64   0x08001e64   0x00000024   Code   RO         1318    i.HAL_RCC_GetPCLK1Freq  stm32g4xx_hal_rcc.o
    0x08001e88   0x08001e88   0x00000024   Code   RO         1319    i.HAL_RCC_GetPCLK2Freq  stm32g4xx_hal_rcc.o
    0x08001eac   0x08001eac   0x0000006c   Code   RO         1320    i.HAL_RCC_GetSysClockFreq  stm32g4xx_hal_rcc.o
    0x08001f18   0x08001f18   0x00000404   Code   RO         1323    i.HAL_RCC_OscConfig  stm32g4xx_hal_rcc.o
    0x0800231c   0x0800231c   0x00000028   Code   RO         2431    i.HAL_SYSTICK_Config  stm32g4xx_hal_cortex.o
    0x08002344   0x08002344   0x00000002   Code   RO         3792    i.HAL_TIMEx_Break2Callback  stm32g4xx_hal_tim_ex.o
    0x08002346   0x08002346   0x00000002   Code   RO         3793    i.HAL_TIMEx_BreakCallback  stm32g4xx_hal_tim_ex.o
    0x08002348   0x08002348   0x00000002   Code   RO         3794    i.HAL_TIMEx_CommutCallback  stm32g4xx_hal_tim_ex.o
    0x0800234a   0x0800234a   0x00000002   Code   RO         3805    i.HAL_TIMEx_DirectionChangeCallback  stm32g4xx_hal_tim_ex.o
    0x0800234c   0x0800234c   0x00000002   Code   RO         3819    i.HAL_TIMEx_EncoderIndexCallback  stm32g4xx_hal_tim_ex.o
    0x0800234e   0x0800234e   0x00000002   Code   RO         3833    i.HAL_TIMEx_IndexErrorCallback  stm32g4xx_hal_tim_ex.o
    0x08002350   0x08002350   0x000000ac   Code   RO         3834    i.HAL_TIMEx_MasterConfigSynchronization  stm32g4xx_hal_tim_ex.o
    0x080023fc   0x080023fc   0x00000002   Code   RO         3855    i.HAL_TIMEx_TransitionErrorCallback  stm32g4xx_hal_tim_ex.o
    0x080023fe   0x080023fe   0x00000062   Code   RO         3078    i.HAL_TIM_Base_Init  stm32g4xx_hal_tim.o
    0x08002460   0x08002460   0x0000003c   Code   RO          353    i.HAL_TIM_Base_MspInit  tim.o
    0x0800249c   0x0800249c   0x00000080   Code   RO         3083    i.HAL_TIM_Base_Start_IT  stm32g4xx_hal_tim.o
    0x0800251c   0x0800251c   0x00000104   Code   RO         3087    i.HAL_TIM_ConfigClockSource  stm32g4xx_hal_tim.o
    0x08002620   0x08002620   0x00000002   Code   RO         3112    i.HAL_TIM_IC_CaptureCallback  stm32g4xx_hal_tim.o
    0x08002622   0x08002622   0x000001a2   Code   RO         3126    i.HAL_TIM_IRQHandler  stm32g4xx_hal_tim.o
    0x080027c4   0x080027c4   0x00000002   Code   RO         3129    i.HAL_TIM_OC_DelayElapsedCallback  stm32g4xx_hal_tim.o
    0x080027c6   0x080027c6   0x00000002   Code   RO         3156    i.HAL_TIM_PWM_PulseFinishedCallback  stm32g4xx_hal_tim.o
    0x080027c8   0x080027c8   0x00000028   Code   RO           14    i.HAL_TIM_PeriodElapsedCallback  main.o
    0x080027f0   0x080027f0   0x00000002   Code   RO         3169    i.HAL_TIM_TriggerCallback  stm32g4xx_hal_tim.o
    0x080027f2   0x080027f2   0x0000003e   Code   RO         4641    i.HAL_UARTEx_DisableFifoMode  stm32g4xx_hal_uart_ex.o
    0x08002830   0x08002830   0x00000002   Code   RO         4230    i.HAL_UARTEx_RxEventCallback  stm32g4xx_hal_uart.o
    0x08002832   0x08002832   0x00000002   Code   RO         4649    i.HAL_UARTEx_RxFifoFullCallback  stm32g4xx_hal_uart_ex.o
    0x08002834   0x08002834   0x0000004c   Code   RO         4650    i.HAL_UARTEx_SetRxFifoThreshold  stm32g4xx_hal_uart_ex.o
    0x08002880   0x08002880   0x0000004c   Code   RO         4651    i.HAL_UARTEx_SetTxFifoThreshold  stm32g4xx_hal_uart_ex.o
    0x080028cc   0x080028cc   0x00000002   Code   RO         4653    i.HAL_UARTEx_TxFifoEmptyCallback  stm32g4xx_hal_uart_ex.o
    0x080028ce   0x080028ce   0x00000002   Code   RO         4654    i.HAL_UARTEx_WakeupCallback  stm32g4xx_hal_uart_ex.o
    0x080028d0   0x080028d0   0x00000002   Code   RO         4246    i.HAL_UART_ErrorCallback  stm32g4xx_hal_uart.o
    0x080028d2   0x080028d2   0x00000002   PAD
    0x080028d4   0x080028d4   0x0000030c   Code   RO         4249    i.HAL_UART_IRQHandler  stm32g4xx_hal_uart.o
    0x08002be0   0x08002be0   0x0000006a   Code   RO         4250    i.HAL_UART_Init     stm32g4xx_hal_uart.o
    0x08002c4a   0x08002c4a   0x00000002   PAD
    0x08002c4c   0x08002c4c   0x00000150   Code   RO          395    i.HAL_UART_MspInit  usart.o
    0x08002d9c   0x08002d9c   0x00000048   Code   RO         4255    i.HAL_UART_Receive_IT  stm32g4xx_hal_uart.o
    0x08002de4   0x08002de4   0x000000ec   Code   RO           15    i.HAL_UART_RxCpltCallback  main.o
    0x08002ed0   0x08002ed0   0x000000ae   Code   RO         4259    i.HAL_UART_Transmit  stm32g4xx_hal_uart.o
    0x08002f7e   0x08002f7e   0x00000002   Code   RO         4262    i.HAL_UART_TxCpltCallback  stm32g4xx_hal_uart.o
    0x08002f80   0x08002f80   0x00000002   Code   RO          483    i.HardFault_Handler  stm32g4xx_it.o
    0x08002f82   0x08002f82   0x0000000c   Code   RO          640    i.LL_ADC_GetOffsetChannel  stm32g4xx_hal_adc.o
    0x08002f8e   0x08002f8e   0x00000008   Code   RO          641    i.LL_ADC_INJ_IsConversionOngoing  stm32g4xx_hal_adc.o
    0x08002f96   0x08002f96   0x00000008   Code   RO          642    i.LL_ADC_REG_IsConversionOngoing  stm32g4xx_hal_adc.o
    0x08002f9e   0x08002f9e   0x00000008   Code   RO          875    i.LL_ADC_REG_IsConversionOngoing  stm32g4xx_hal_adc_ex.o
    0x08002fa6   0x08002fa6   0x00000010   Code   RO          643    i.LL_ADC_REG_IsTriggerSourceSWStart  stm32g4xx_hal_adc.o
    0x08002fb6   0x08002fb6   0x0000001e   Code   RO          645    i.LL_ADC_SetChannelSamplingTime  stm32g4xx_hal_adc.o
    0x08002fd4   0x08002fd4   0x00000010   Code   RO          646    i.LL_ADC_SetOffsetState  stm32g4xx_hal_adc.o
    0x08002fe4   0x08002fe4   0x00000090   Code   RO          270    i.MX_ADC1_Init      adc.o
    0x08003074   0x08003074   0x000000c8   Code   RO          236    i.MX_GPIO_Init      gpio.o
    0x0800313c   0x0800313c   0x00000058   Code   RO          312    i.MX_I2C1_Init      i2c.o
    0x08003194   0x08003194   0x00000070   Code   RO          354    i.MX_TIM1_Init      tim.o
    0x08003204   0x08003204   0x00000068   Code   RO          396    i.MX_USART1_UART_Init  usart.o
    0x0800326c   0x0800326c   0x00000068   Code   RO          397    i.MX_USART2_UART_Init  usart.o
    0x080032d4   0x080032d4   0x00000068   Code   RO          398    i.MX_USART3_UART_Init  usart.o
    0x0800333c   0x0800333c   0x00000002   Code   RO          484    i.MemManage_Handler  stm32g4xx_it.o
    0x0800333e   0x0800333e   0x00000002   Code   RO          485    i.NMI_Handler       stm32g4xx_it.o
    0x08003340   0x08003340   0x00000002   Code   RO          486    i.PendSV_Handler    stm32g4xx_it.o
    0x08003342   0x08003342   0x00000002   Code   RO          487    i.SVC_Handler       stm32g4xx_it.o
    0x08003344   0x08003344   0x00000004   Code   RO          488    i.SysTick_Handler   stm32g4xx_it.o
    0x08003348   0x08003348   0x00000068   Code   RO           16    i.SystemClock_Config  main.o
    0x080033b0   0x080033b0   0x00000010   Code   RO         4760    i.SystemInit        system_stm32g4xx.o
    0x080033c0   0x080033c0   0x0000000c   Code   RO          489    i.TIM1_UP_TIM16_IRQHandler  stm32g4xx_it.o
    0x080033cc   0x080033cc   0x000000d4   Code   RO         3171    i.TIM_Base_SetConfig  stm32g4xx_hal_tim.o
    0x080034a0   0x080034a0   0x00000014   Code   RO         3182    i.TIM_ETR_SetConfig  stm32g4xx_hal_tim.o
    0x080034b4   0x080034b4   0x00000014   Code   RO         3183    i.TIM_ITRx_SetConfig  stm32g4xx_hal_tim.o
    0x080034c8   0x080034c8   0x00000022   Code   RO         3191    i.TIM_TI1_ConfigInputStage  stm32g4xx_hal_tim.o
    0x080034ea   0x080034ea   0x00000024   Code   RO         3193    i.TIM_TI2_ConfigInputStage  stm32g4xx_hal_tim.o
    0x0800350e   0x0800350e   0x00000002   PAD
    0x08003510   0x08003510   0x00000044   Code   RO         4655    i.UARTEx_SetNbDataToProcess  stm32g4xx_hal_uart_ex.o
    0x08003554   0x08003554   0x000000c8   Code   RO         4264    i.UART_AdvFeatureConfig  stm32g4xx_hal_uart.o
    0x0800361c   0x0800361c   0x000000ac   Code   RO         4265    i.UART_CheckIdleState  stm32g4xx_hal_uart.o
    0x080036c8   0x080036c8   0x00000014   Code   RO         4266    i.UART_DMAAbortOnError  stm32g4xx_hal_uart.o
    0x080036dc   0x080036dc   0x00000054   Code   RO         4276    i.UART_EndRxTransfer  stm32g4xx_hal_uart.o
    0x08003730   0x08003730   0x000000c8   Code   RO         4278    i.UART_RxISR_16BIT  stm32g4xx_hal_uart.o
    0x080037f8   0x080037f8   0x000001a0   Code   RO         4279    i.UART_RxISR_16BIT_FIFOEN  stm32g4xx_hal_uart.o
    0x08003998   0x08003998   0x000000c8   Code   RO         4280    i.UART_RxISR_8BIT   stm32g4xx_hal_uart.o
    0x08003a60   0x08003a60   0x000001a0   Code   RO         4281    i.UART_RxISR_8BIT_FIFOEN  stm32g4xx_hal_uart.o
    0x08003c00   0x08003c00   0x00000298   Code   RO         4282    i.UART_SetConfig    stm32g4xx_hal_uart.o
    0x08003e98   0x08003e98   0x00000110   Code   RO         4284    i.UART_Start_Receive_IT  stm32g4xx_hal_uart.o
    0x08003fa8   0x08003fa8   0x00000094   Code   RO         4289    i.UART_WaitOnFlagUntilTimeout  stm32g4xx_hal_uart.o
    0x0800403c   0x0800403c   0x0000000c   Code   RO          490    i.USART1_IRQHandler  stm32g4xx_it.o
    0x08004048   0x08004048   0x0000000c   Code   RO          491    i.USART2_IRQHandler  stm32g4xx_it.o
    0x08004054   0x08004054   0x0000000c   Code   RO          492    i.USART3_IRQHandler  stm32g4xx_it.o
    0x08004060   0x08004060   0x00000002   Code   RO          493    i.UsageFault_Handler  stm32g4xx_it.o
    0x08004062   0x08004062   0x00000020   Code   RO         2433    i.__NVIC_SetPriority  stm32g4xx_hal_cortex.o
    0x08004082   0x08004082   0x00000002   Code   RO          401    i._sys_exit         usart.o
    0x08004084   0x08004084   0x00000070   Code   RO           17    i.main              main.o
    0x080040f4   0x080040f4   0x0000002c   Code   RO         5912    locale$$code        c_w.l(lc_ctype_c.o)
    0x08004120   0x08004120   0x0000000a   Code   RO         5930    x$fpl$fpinit        fz_wm.l(fpinit.o)
    0x0800412a   0x0800412a   0x00000018   Data   RO         4290    .constdata          stm32g4xx_hal_uart.o
    0x08004142   0x08004142   0x00000010   Data   RO         4656    .constdata          stm32g4xx_hal_uart_ex.o
    0x08004152   0x08004152   0x00000010   Data   RO         4761    .constdata          system_stm32g4xx.o
    0x08004162   0x08004162   0x00000008   Data   RO         4762    .constdata          system_stm32g4xx.o
    0x0800416a   0x0800416a   0x00000002   PAD
    0x0800416c   0x0800416c   0x00000020   Data   RO         6025    Region$$Table       anon$$obj.o
    0x0800418c   0x0800418c   0x00000110   Data   RO         5911    locale$$data        c_w.l(lc_ctype_c.o)


    Execution Region RW_IRAM1 (Exec base: 0x20000000, Load base: 0x0800429c, Size: 0x00002948, Max: 0x0001c000, ABSOLUTE)

    Exec Addr    Load Addr    Size         Type   Attr      Idx    E Section Name        Object

    0x20000000   0x0800429c   0x0000000c   Data   RW           22    .data               main.o
    0x2000000c   0x080042a8   0x0000000c   Data   RW         1095    .data               stm32g4xx_hal.o
    0x20000018   0x080042b4   0x00000004   Data   RW         4763    .data               system_stm32g4xx.o
    0x2000001c        -       0x00002000   Zero   RW           18    .bss                main.o
    0x2000201c        -       0x0000006c   Zero   RW          271    .bss                adc.o
    0x20002088        -       0x00000054   Zero   RW          313    .bss                i2c.o
    0x200020dc        -       0x0000004c   Zero   RW          355    .bss                tim.o
    0x20002128        -       0x000001bc   Zero   RW          403    .bss                usart.o
    0x200022e4        -       0x00000060   Zero   RW         5837    .bss                c_w.l(libspace.o)
    0x20002344   0x080042b8   0x00000004   PAD
    0x20002348        -       0x00000200   Zero   RW            2    HEAP                startup_stm32g491xx.o
    0x20002548        -       0x00000400   Zero   RW            1    STACK               startup_stm32g491xx.o


==============================================================================

Image component sizes


      Code (inc. data)   RO Data    RW Data    ZI Data      Debug   Object Name

       276         12          0          0        108       1833   adc.o
       200         14          0          0          0        967   gpio.o
       252         26          0          0         84       1797   i2c.o
       496         88          0         12       8192     723279   main.o
        64         26        472          0       1536        844   startup_stm32g491xx.o
       126         20          0         12          0       3689   stm32g4xx_hal.o
      2492        116          0          0          0      79052   stm32g4xx_hal_adc.o
       454         26          0          0          0      72562   stm32g4xx_hal_adc_ex.o
       198         14          0          0          0      33839   stm32g4xx_hal_cortex.o
       226          0          0          0          0       1939   stm32g4xx_hal_dma.o
       594         34          0          0          0       2344   stm32g4xx_hal_gpio.o
       188          4          0          0          0       3247   stm32g4xx_hal_i2c.o
       168          0          0          0          0       1911   stm32g4xx_hal_i2c_ex.o
        48          6          0          0          0        862   stm32g4xx_hal_msp.o
       204         18          0          0          0       1405   stm32g4xx_hal_pwr_ex.o
      1684         88          0          0          0       6268   stm32g4xx_hal_rcc.o
       744          8          0          0          0       1944   stm32g4xx_hal_rcc_ex.o
      1234         84          0          0          0      10529   stm32g4xx_hal_tim.o
       186         28          0          0          0       5432   stm32g4xx_hal_tim_ex.o
      3930        144         24          0          0      37038   stm32g4xx_hal_uart.o
       288          6         16          0          0       5370   stm32g4xx_hal_uart_ex.o
        80         30          0          0          0       6521   stm32g4xx_it.o
        16          4         24          4          0       1127   system_stm32g4xx.o
       172         18          0          0         76       1706   tim.o
       650         56          0          0        444       5596   usart.o

    ----------------------------------------------------------------------
     14988        870        570         28      10440    1011101   Object Totals
         0          0         32          0          0          0   (incl. Generated)
        18          0          2          0          0          0   (incl. Padding)

    ----------------------------------------------------------------------

      Code (inc. data)   RO Data    RW Data    ZI Data      Debug   Library Member Name

         8          0          0          0          0         68   __main.o
         0          0          0          0          0          0   __rtentry.o
        12          0          0          0          0          0   __rtentry2.o
         6          0          0          0          0          0   __rtentry4.o
        52          8          0          0          0          0   __scatter.o
        26          0          0          0          0          0   __scatter_copy.o
        28          0          0          0          0          0   __scatter_zi.o
        28          0          0          0          0         68   _chval.o
       158          0          0          0          0         92   _strtoul.o
        18          0          0          0          0         80   exit.o
         6          0          0          0          0        152   heapauxi.o
        44         10        272          0          0         76   lc_ctype_c.o
         2          0          0          0          0          0   libinit.o
        24          0          0          0          0          0   libinit2.o
         2          0          0          0          0          0   libshutdown.o
         2          0          0          0          0          0   libshutdown2.o
         8          4          0          0         96         68   libspace.o
       238          0          0          0          0        100   lludivv7m.o
        16          4          0          0          0         76   rt_ctype_table.o
         8          4          0          0          0         68   rt_errno_addr_intlibspace.o
         8          4          0          0          0         68   rt_locale_intlibspace.o
        68          0          0          0          0         68   rt_memclr.o
        78          0          0          0          0         80   rt_memclr_w.o
         2          0          0          0          0          0   rtexit.o
        10          0          0          0          0          0   rtexit2.o
       128          0          0          0          0         68   strcmpv7m.o
        36          0          0          0          0         80   strstr.o
       112          0          0          0          0         88   strtol.o
        74          0          0          0          0         80   sys_stackheap_outer.o
         2          0          0          0          0         68   use_no_semi.o
         2          0          0          0          0         68   use_no_semi_2.o
        10          0          0          0          0        116   fpinit.o

    ----------------------------------------------------------------------
      1222         34        272          0        100       1632   Library Totals
         6          0          0          0          4          0   (incl. Padding)

    ----------------------------------------------------------------------

      Code (inc. data)   RO Data    RW Data    ZI Data      Debug   Library Name

      1206         34        272          0         96       1516   c_w.l
        10          0          0          0          0        116   fz_wm.l

    ----------------------------------------------------------------------
      1222         34        272          0        100       1632   Library Totals

    ----------------------------------------------------------------------

==============================================================================


      Code (inc. data)   RO Data    RW Data    ZI Data      Debug   

     16210        904        842         28      10540    1000253   Grand Totals
     16210        904        842         28      10540    1000253   ELF Image Totals
     16210        904        842         28          0          0   ROM Totals

==============================================================================

    Total RO  Size (Code + RO Data)                17052 (  16.65kB)
    Total RW  Size (RW Data + ZI Data)             10568 (  10.32kB)
    Total ROM Size (Code + RO Data + RW Data)      17080 (  16.68kB)

==============================================================================

